[00:45:45][PEAR] Retomando: 8827 ya scrapeados, 8827 seen_keys cargadas
[00:45:46][PEAR] Iniciando worker para PEAR
[00:45:46][PEAR] Fijos: metal=GOLD quality=KT_18 stone=LABGROWN_DIAMOND size=1ct
[00:45:47][PEAR] Cargando configurador (intento 1/5)...
[00:46:08][PEAR]   UI del configurador detectada
[00:46:08][PEAR]   Configurador listo en intento 1
[00:46:10][PEAR] Seleccionando ROUND como base...
[00:46:11][PEAR]   Re-seleccionando PEAR (intento 1)
[00:46:13][PEAR] Forma PEAR activa. Comenzando scrape...
[00:46:13][PEAR]   Configurando fijos: GOLD / KT_18 / LABGROWN_DIAMOND / 1ct
[00:46:15][PEAR]   Fijos configurados OK
[00:46:15][PEAR]   Configurando fijos: GOLD / KT_18 / LABGROWN_DIAMOND / 1ct
[00:46:16][PEAR]   Fijos configurados OK
[00:46:17][PEAR]   SKIP mounting=CONTEMPORARY (todos los colores ya capturados)
[00:46:17][PEAR]   SKIP mounting=DOUBLE (todos los colores ya capturados)
[00:46:17][PEAR]   SKIP mounting=DOUBLE_TWIST (todos los colores ya capturados)
[00:46:17][PEAR]   SKIP mounting=HIDDEN_HALO (todos los colores ya capturados)
[00:46:17][PEAR]   SKIP mounting=SINGLE (todos los colores ya capturados)
[00:46:21][PEAR] [1] OK NIV-DCD39B261F9672A7 | BASKET | SPLIT | NONE | PLAIN | NONE | YELLOW_GOLD | YELLOW_GOLD | imgs:3
[00:46:25][PEAR] [2] OK NIV-5C29D0C58FAB6E23 | BASKET | SPLIT | U_PAVE | None | NONE | YELLOW_GOLD | YELLOW_GOLD | imgs:3
[00:46:28][PEAR] [3] OK NIV-6385DADC21FA60BD | BASKET | SPLIT | U_PAVE | None | NONE | ROSE_GOLD | ROSE_GOLD | imgs:3
[00:46:33][PEAR] [4] OK NIV-2B55892C3BAECA81 | BASKET | SPLIT | PRONG | None | NONE | YELLOW_GOLD | YELLOW_GOLD | imgs:3
[00:46:36][PEAR] [5] OK NIV-A325B877308B2715 | BASKET | SPLIT | PRONG | None | NONE | WHITE_GOLD | WHITE_GOLD | imgs:3
[00:46:39][PEAR] [6] OK NIV-44009497B020FE03 | BASKET | SPLIT | PRONG | None | NONE | ROSE_GOLD | ROSE_GOLD | imgs:3
[00:46:42][PEAR] [7] OK NIV-64D0AE6BA6A2A395 | BASKET | SPLIT | BEAD | None | NONE | YELLOW_GOLD | YELLOW_GOLD | imgs:3
[00:46:48][PEAR]   Re-seleccionando PEAR (intento 1)
[00:46:54][PEAR] [8] OK NIV-7960F8A556F19160 | BASKET | SQUARE_EDGE | CHANNEL | None | NONE | YELLOW_GOLD | YELLOW_GOLD | imgs:3
[00:46:58][PEAR] [9] OK NIV-0D7568D1ECC79C95 | BASKET | SQUARE_EDGE | PRONG | None | NONE | YELLOW_GOLD | YELLOW_GOLD | imgs:3
[00:47:03][PEAR] [10] OK NIV-4D4E2285F7377E17 | BASKET | SQUARE_EDGE | BEAD | None | NONE | YELLOW_GOLD | YELLOW_GOLD | imgs:3
[00:47:06][PEAR] [11] OK NIV-D848A5C63BDA7E82 | BASKET | SQUARE_EDGE | PAVE | None | NONE | YELLOW_GOLD | YELLOW_GOLD | imgs:3
[00:47:13][PEAR]   Re-seleccionando PEAR (intento 1)
[00:47:18][PEAR] [12] OK NIV-7960F8A556F19160 | BASKET | TAPERED | CHANNEL | None | NONE | YELLOW_GOLD | YELLOW_GOLD | imgs:3
[00:47:21][PEAR] [13] OK NIV-0D7568D1ECC79C95 | BASKET | TAPERED | PRONG | None | NONE | YELLOW_GOLD | YELLOW_GOLD | imgs:3
[00:47:24][PEAR] [14] OK NIV-4D4E2285F7377E17 | BASKET | TAPERED | BEAD | None | NONE | YELLOW_GOLD | YELLOW_GOLD | imgs:3
[00:47:30][PEAR] [15] OK NIV-D848A5C63BDA7E82 | BASKET | TAPERED | PAVE | None | NONE | YELLOW_GOLD | YELLOW_GOLD | imgs:3
[00:47:31][PEAR]   Configurando fijos: GOLD / KT_18 / LABGROWN_DIAMOND / 1ct
[00:47:33][PEAR]   Fijos configurados OK
[00:47:40][PEAR] [16] OK NIV-D98FEAD73847EA39 | CROWN | CONTEMPORARY | U_PAVE | None | NONE | YELLOW_GOLD | YELLOW_GOLD | imgs:3
[00:47:45][PEAR] [17] OK NIV-02FAC8C4B9E46B9B | CROWN | CONTEMPORARY | CHANNEL | None | NONE | YELLOW_GOLD | YELLOW_GOLD | imgs:3
[00:47:48][PEAR] [18] OK NIV-2D307AE8679B1CB5 | CROWN | CONTEMPORARY | PRONG | None | NONE | YELLOW_GOLD | YELLOW_GOLD | imgs:3
[00:47:54][PEAR] [19] OK NIV-E9084086DC5871C7 | CROWN | CONTEMPORARY | BEAD | None | NONE | YELLOW_GOLD | YELLOW_GOLD | imgs:3
[00:48:00][PEAR] [20] OK NIV-EEA5DBCA42E72C13 | CROWN | DOUBLE | NONE | PLAIN | NONE | YELLOW_GOLD | YELLOW_GOLD | imgs:3
[00:48:03][PEAR] [21] OK NIV-E3571C4499A40468 | CROWN | DOUBLE | U_PAVE | None | NONE | YELLOW_GOLD | YELLOW_GOLD | imgs:3
[00:48:09][PEAR] [22] OK NIV-11CA11E8BA409BC5 | CROWN | DOUBLE | CHANNEL | None | NONE | YELLOW_GOLD | YELLOW_GOLD | imgs:3
[00:48:13][PEAR] [23] OK NIV-8939E783896E1E84 | CROWN | DOUBLE | PRONG | None | NONE | YELLOW_GOLD | YELLOW_GOLD | imgs:3
[00:48:18][PEAR] [24] OK NIV-61F556A87608E6F8 | CROWN | DOUBLE | BEAD | None | NONE | YELLOW_GOLD | YELLOW_GOLD | imgs:3
[00:48:24][PEAR] [25] OK NIV-D6BAB87803ED0079 | CROWN | DOUBLE_TWIST | NONE | PLAIN | NONE | YELLOW_GOLD | YELLOW_GOLD | imgs:3
[00:48:28][PEAR] [26] OK NIV-754A01A6D75B316C | CROWN | DOUBLE_TWIST | U_PAVE | None | NONE | YELLOW_GOLD | YELLOW_GOLD | imgs:3
[00:48:33][PEAR] [27] OK NIV-010F1130F8FD8452 | CROWN | DOUBLE_TWIST | CHANNEL | None | NONE | YELLOW_GOLD | YELLOW_GOLD | imgs:3
[00:48:36][PEAR] [28] OK NIV-A3DB3F22479A3F8E | CROWN | DOUBLE_TWIST | PRONG | None | NONE | YELLOW_GOLD | YELLOW_GOLD | imgs:3
[00:48:42][PEAR] [29] OK NIV-5CD71AEB37CFBB18 | CROWN | DOUBLE_TWIST | BEAD | None | NONE | YELLOW_GOLD | YELLOW_GOLD | imgs:3
[00:48:48][PEAR]   Re-seleccionando PEAR (intento 1)
[00:48:51][PEAR] [30] OK NIV-7960F8A556F19160 | CROWN | HIDDEN_HALO | CHANNEL | None | NONE | YELLOW_GOLD | YELLOW_GOLD | imgs:3
[00:48:54][PEAR] [31] OK NIV-0D7568D1ECC79C95 | CROWN | HIDDEN_HALO | PRONG | None | NONE | YELLOW_GOLD | YELLOW_GOLD | imgs:3
[00:49:00][PEAR] [32] OK NIV-4D4E2285F7377E17 | CROWN | HIDDEN_HALO | BEAD | None | NONE | YELLOW_GOLD | YELLOW_GOLD | imgs:3
[00:49:03][PEAR] [33] OK NIV-D848A5C63BDA7E82 | CROWN | HIDDEN_HALO | PAVE | None | NONE | YELLOW_GOLD | YELLOW_GOLD | imgs:3
[00:49:09][PEAR] [34] OK NIV-D5C0F85B48F232CE | CROWN | SINGLE | NONE | PLAIN | NONE | YELLOW_GOLD | YELLOW_GOLD | imgs:3
[00:49:13][PEAR] [35] OK NIV-E1F91533DAFBB975 | CROWN | SINGLE | U_PAVE | None | NONE | YELLOW_GOLD | YELLOW_GOLD | imgs:3
[00:49:18][PEAR] [36] OK NIV-7960F8A556F19160 | CROWN | SINGLE | CHANNEL | None | NONE | YELLOW_GOLD | YELLOW_GOLD | imgs:3
[00:49:21][PEAR] [37] OK NIV-0D7568D1ECC79C95 | CROWN | SINGLE | PRONG | None | NONE | YELLOW_GOLD | YELLOW_GOLD | imgs:3
[00:49:27][PEAR] [38] OK NIV-4D4E2285F7377E17 | CROWN | SINGLE | BEAD | None | NONE | YELLOW_GOLD | YELLOW_GOLD | imgs:3
[00:49:30][PEAR] [39] OK NIV-D848A5C63BDA7E82 | CROWN | SINGLE | PAVE | None | NONE | YELLOW_GOLD | YELLOW_GOLD | imgs:3
[00:49:36][PEAR] [40] OK NIV-6A36EA2DF9A5BCB9 | CROWN | SPLIT | NONE | PLAIN | NONE | YELLOW_GOLD | YELLOW_GOLD | imgs:3
[00:49:39][PEAR] [41] OK NIV-2B6CADF4764D81F3 | CROWN | SPLIT | U_PAVE | None | NONE | YELLOW_GOLD | YELLOW_GOLD | imgs:3
[00:49:45][PEAR] [42] OK NIV-4C3C976D2FA66828 | CROWN | SPLIT | PRONG | None | NONE | YELLOW_GOLD | YELLOW_GOLD | imgs:3
[00:49:49][PEAR] [43] OK NIV-0E07046B58B21300 | CROWN | SPLIT | BEAD | None | NONE | YELLOW_GOLD | YELLOW_GOLD | imgs:3
[00:49:56][PEAR]   Re-seleccionando PEAR (intento 1)
[00:50:00][PEAR] [44] OK NIV-7960F8A556F19160 | CROWN | SQUARE_EDGE | CHANNEL | None | NONE | YELLOW_GOLD | YELLOW_GOLD | imgs:3
[00:50:03][PEAR] [45] OK NIV-0D7568D1ECC79C95 | CROWN | SQUARE_EDGE | PRONG | None | NONE | YELLOW_GOLD | YELLOW_GOLD | imgs:3
[00:50:06][PEAR] [46] OK NIV-4D4E2285F7377E17 | CROWN | SQUARE_EDGE | BEAD | None | NONE | YELLOW_GOLD | YELLOW_GOLD | imgs:3
[00:50:12][PEAR] [47] OK NIV-D848A5C63BDA7E82 | CROWN | SQUARE_EDGE | PAVE | None | NONE | YELLOW_GOLD | YELLOW_GOLD | imgs:3
[00:50:18][PEAR] [48] OK NIV-95ECAAF18527B9B1 | CROWN | TAPERED | U_PAVE | None | NONE | YELLOW_GOLD | YELLOW_GOLD | imgs:3
[00:50:24][PEAR] [49] OK NIV-C1799B521DEE322C | CROWN | TAPERED | CHANNEL | None | NONE | YELLOW_GOLD | YELLOW_GOLD | imgs:3
[00:50:27][PEAR] [50] OK NIV-675FF58BC81E32FF | CROWN | TAPERED | PRONG | None | NONE | YELLOW_GOLD | YELLOW_GOLD | imgs:3
[00:50:33][PEAR] [51] OK NIV-12AE775E75A3155D | CROWN | TAPERED | BEAD | None | NONE | YELLOW_GOLD | YELLOW_GOLD | imgs:3
[00:50:36][PEAR] [52] OK NIV-10DC9A45D15EECDB | CROWN | TAPERED | PAVE | None | NONE | YELLOW_GOLD | YELLOW_GOLD | imgs:3
[00:50:37][PEAR]   Configurando fijos: GOLD / KT_18 / LABGROWN_DIAMOND / 1ct
[00:50:39][PEAR]   Fijos configurados OK
[00:50:45][PEAR] [53] OK NIV-5741950F4D84457F | DOUBLE_HALO | CONTEMPORARY | U_PAVE | None | NONE | YELLOW_GOLD | YELLOW_GOLD | imgs:3
[00:50:48][PEAR] [54] OK NIV-A1344EE5CEA077B6 | DOUBLE_HALO | CONTEMPORARY | CHANNEL | None | NONE | YELLOW_GOLD | YELLOW_GOLD | imgs:3
[00:50:54][PEAR] [55] OK NIV-48455DDA61771D4C | DOUBLE_HALO | CONTEMPORARY | PRONG | None | NONE | YELLOW_GOLD | YELLOW_GOLD | imgs:3
[00:50:58][PEAR] [56] OK NIV-EC094947F1616418 | DOUBLE_HALO | CONTEMPORARY | BEAD | None | NONE | YELLOW_GOLD | YELLOW_GOLD | imgs:3
[00:51:03][PEAR] [57] OK NIV-B12F9EE2FC92372C | DOUBLE_HALO | DOUBLE | NONE | PLAIN | NONE | YELLOW_GOLD | YELLOW_GOLD | imgs:3
[00:51:06][PEAR] [58] OK NIV-AD07597BD04F4824 | DOUBLE_HALO | DOUBLE | U_PAVE | None | NONE | YELLOW_GOLD | YELLOW_GOLD | imgs:3
[00:51:10][PEAR] [59] OK NIV-F9BFA3B73A3DA014 | DOUBLE_HALO | DOUBLE | CHANNEL | None | NONE | YELLOW_GOLD | YELLOW_GOLD | imgs:3
[00:51:15][PEAR] [60] OK NIV-B60956BBE376961C | DOUBLE_HALO | DOUBLE | PRONG | None | NONE | YELLOW_GOLD | YELLOW_GOLD | imgs:3
[00:51:19][PEAR] [61] OK NIV-99570C5BA7CCC7D5 | DOUBLE_HALO | DOUBLE | BEAD | None | NONE | YELLOW_GOLD | YELLOW_GOLD | imgs:3
[00:51:24][PEAR] [62] OK NIV-1C68717E1FF5E8B9 | DOUBLE_HALO | DOUBLE_TWIST | NONE | PLAIN | NONE | YELLOW_GOLD | YELLOW_GOLD | imgs:3
[00:51:27][PEAR] [63] OK NIV-837F5AD1446F5F0C | DOUBLE_HALO | DOUBLE_TWIST | U_PAVE | None | NONE | YELLOW_GOLD | YELLOW_GOLD | imgs:3
[00:51:38][PEAR] [64] OK NIV-99D4C947C2DCE081 | DOUBLE_HALO | DOUBLE_TWIST | CHANNEL | None | NONE | YELLOW_GOLD | YELLOW_GOLD | imgs:3
[00:51:42][PEAR] [65] OK NIV-6A3EC9992BADAAF0 | DOUBLE_HALO | DOUBLE_TWIST | PRONG | None | NONE | YELLOW_GOLD | YELLOW_GOLD | imgs:3
[00:51:46][PEAR] [66] OK NIV-1E03A39504F9C967 | DOUBLE_HALO | DOUBLE_TWIST | BEAD | None | NONE | YELLOW_GOLD | YELLOW_GOLD | imgs:3
[00:51:51][PEAR] [67] OK NIV-5FE6D5ABE0A0817F | DOUBLE_HALO | SINGLE | NONE | PLAIN | NONE | YELLOW_GOLD | YELLOW_GOLD | imgs:3
[00:51:54][PEAR] [68] OK NIV-DAE94664B69630F1 | DOUBLE_HALO | SINGLE | U_PAVE | None | NONE | YELLOW_GOLD | YELLOW_GOLD | imgs:3
[00:52:00][PEAR] [69] OK NIV-EB7E25A965F029C2 | DOUBLE_HALO | SINGLE | CHANNEL | None | NONE | YELLOW_GOLD | YELLOW_GOLD | imgs:3
[00:52:03][PEAR] [70] OK NIV-6B63203892E08B4D | DOUBLE_HALO | SINGLE | PRONG | None | NONE | YELLOW_GOLD | YELLOW_GOLD | imgs:3
[00:52:09][PEAR] [71] OK NIV-4B19FC91F5B5E3C1 | DOUBLE_HALO | SINGLE | BEAD | None | NONE | YELLOW_GOLD | YELLOW_GOLD | imgs:3
[00:52:13][PEAR] [72] OK NIV-7D06B9CD2B336DB6 | DOUBLE_HALO | SINGLE | PAVE | None | NONE | YELLOW_GOLD | YELLOW_GOLD | imgs:3
[00:52:18][PEAR] [73] OK NIV-DD85FDD67E374977 | DOUBLE_HALO | SPLIT | NONE | PLAIN | NONE | YELLOW_GOLD | YELLOW_GOLD | imgs:3
[00:52:21][PEAR] [74] OK NIV-5A9F9218BEDF52FF | DOUBLE_HALO | SPLIT | U_PAVE | None | NONE | YELLOW_GOLD | YELLOW_GOLD | imgs:3
[00:52:27][PEAR] [75] OK NIV-5C05004566105B02 | DOUBLE_HALO | SPLIT | PRONG | None | NONE | YELLOW_GOLD | YELLOW_GOLD | imgs:3
[00:52:31][PEAR] [76] OK NIV-748BD7DA94A0AD6E | DOUBLE_HALO | SPLIT | BEAD | None | NONE | YELLOW_GOLD | YELLOW_GOLD | imgs:3
[00:52:37][PEAR]   Re-seleccionando PEAR (intento 1)
[00:52:42][PEAR] [77] OK NIV-7960F8A556F19160 | DOUBLE_HALO | SQUARE_EDGE | CHANNEL | None | NONE | YELLOW_GOLD | YELLOW_GOLD | imgs:3
[00:52:45][PEAR] [78] OK NIV-0D7568D1ECC79C95 | DOUBLE_HALO | SQUARE_EDGE | PRONG | None | NONE | YELLOW_GOLD | YELLOW_GOLD | imgs:3
[00:52:48][PEAR] [79] OK NIV-4D4E2285F7377E17 | DOUBLE_HALO | SQUARE_EDGE | BEAD | None | NONE | YELLOW_GOLD | YELLOW_GOLD | imgs:3
[00:52:54][PEAR] [80] OK NIV-D848A5C63BDA7E82 | DOUBLE_HALO | SQUARE_EDGE | PAVE | None | NONE | YELLOW_GOLD | YELLOW_GOLD | imgs:3
[00:53:00][PEAR] [81] OK NIV-95ECAAF18527B9B1 | DOUBLE_HALO | TAPERED | U_PAVE | None | NONE | YELLOW_GOLD | YELLOW_GOLD | imgs:3
[00:53:06][PEAR] [82] OK NIV-C1799B521DEE322C | DOUBLE_HALO | TAPERED | CHANNEL | None | NONE | YELLOW_GOLD | YELLOW_GOLD | imgs:3
[00:53:09][PEAR] [83] OK NIV-675FF58BC81E32FF | DOUBLE_HALO | TAPERED | PRONG | None | NONE | YELLOW_GOLD | YELLOW_GOLD | imgs:3
[00:53:12][PEAR] [84] OK NIV-12AE775E75A3155D | DOUBLE_HALO | TAPERED | BEAD | None | NONE | YELLOW_GOLD | YELLOW_GOLD | imgs:3
[00:53:18][PEAR] [85] OK NIV-10DC9A45D15EECDB | DOUBLE_HALO | TAPERED | PAVE | None | NONE | YELLOW_GOLD | YELLOW_GOLD | imgs:3
[00:53:19][PEAR]   Configurando fijos: GOLD / KT_18 / LABGROWN_DIAMOND / 1ct
[00:53:21][PEAR]   Fijos configurados OK
[00:53:25][PEAR] [86] OK NIV-F03CD236CCF2E250 | FLOWER_HALO | CONTEMPORARY | U_PAVE | None | NONE | YELLOW_GOLD | YELLOW_GOLD | imgs:3
[00:53:30][PEAR] [87] OK NIV-AEF681F48E7326BE | FLOWER_HALO | CONTEMPORARY | CHANNEL | None | NONE | YELLOW_GOLD | YELLOW_GOLD | imgs:3
[00:53:33][PEAR] [88] OK NIV-1443563DD51FAF10 | FLOWER_HALO | CONTEMPORARY | PRONG | None | NONE | YELLOW_GOLD | YELLOW_GOLD | imgs:3
[00:53:39][PEAR] [89] OK NIV-CC5CDE17F1B16BE0 | FLOWER_HALO | CONTEMPORARY | BEAD | None | NONE | YELLOW_GOLD | YELLOW_GOLD | imgs:3
[00:53:45][PEAR] [90] OK NIV-3852FABDD2BC875D | FLOWER_HALO | DOUBLE | NONE | PLAIN | NONE | YELLOW_GOLD | YELLOW_GOLD | imgs:3
[00:53:49][PEAR] [91] OK NIV-800AD41378B582D0 | FLOWER_HALO | DOUBLE | U_PAVE | None | NONE | YELLOW_GOLD | YELLOW_GOLD | imgs:3
[00:53:54][PEAR] [92] OK NIV-A048A4738B7C5B61 | FLOWER_HALO | DOUBLE | CHANNEL | None | NONE | YELLOW_GOLD | YELLOW_GOLD | imgs:3
[00:53:57][PEAR] [93] OK NIV-CAD4456946C5A031 | FLOWER_HALO | DOUBLE | PRONG | None | NONE | YELLOW_GOLD | YELLOW_GOLD | imgs:3
[00:54:03][PEAR] [94] OK NIV-C69000EDF63DB651 | FLOWER_HALO | DOUBLE | BEAD | None | NONE | YELLOW_GOLD | YELLOW_GOLD | imgs:3
[00:54:09][PEAR] [95] OK NIV-83A4C63D1CC5D15D | FLOWER_HALO | DOUBLE_TWIST | NONE | PLAIN | NONE | YELLOW_GOLD | YELLOW_GOLD | imgs:3
[00:54:12][PEAR] [96] OK NIV-A5E92C5C5C8D7B52 | FLOWER_HALO | DOUBLE_TWIST | U_PAVE | None | NONE | YELLOW_GOLD | YELLOW_GOLD | imgs:3
[00:54:16][PEAR] [97] OK NIV-2A2A31665FBF6F7B | FLOWER_HALO | DOUBLE_TWIST | CHANNEL | None | NONE | YELLOW_GOLD | YELLOW_GOLD | imgs:3
[00:54:21][PEAR] [98] OK NIV-B17FD176CE587C05 | FLOWER_HALO | DOUBLE_TWIST | PRONG | None | NONE | YELLOW_GOLD | YELLOW_GOLD | imgs:3
[00:54:24][PEAR] [99] OK NIV-D3C48133B37921D9 | FLOWER_HALO | DOUBLE_TWIST | BEAD | None | NONE | YELLOW_GOLD | YELLOW_GOLD | imgs:3
[00:54:31][PEAR]   Re-seleccionando PEAR (intento 1)
[00:54:36][PEAR] [100] OK NIV-7960F8A556F19160 | FLOWER_HALO | HIDDEN_HALO | CHANNEL | None | NONE | YELLOW_GOLD | YELLOW_GOLD | imgs:3
[00:54:39][PEAR] [101] OK NIV-0D7568D1ECC79C95 | FLOWER_HALO | HIDDEN_HALO | PRONG | None | NONE | YELLOW_GOLD | YELLOW_GOLD | imgs:3
[00:54:42][PEAR] [102] OK NIV-4D4E2285F7377E17 | FLOWER_HALO | HIDDEN_HALO | BEAD | None | NONE | YELLOW_GOLD | YELLOW_GOLD | imgs:3
[00:54:48][PEAR] [103] OK NIV-D848A5C63BDA7E82 | FLOWER_HALO | HIDDEN_HALO | PAVE | None | NONE | YELLOW_GOLD | YELLOW_GOLD | imgs:3
[00:54:54][PEAR] [104] OK NIV-D5C0F85B48F232CE | FLOWER_HALO | SINGLE | NONE | PLAIN | NONE | YELLOW_GOLD | YELLOW_GOLD | imgs:3
[00:54:57][PEAR] [105] OK NIV-E1F91533DAFBB975 | FLOWER_HALO | SINGLE | U_PAVE | None | NONE | YELLOW_GOLD | YELLOW_GOLD | imgs:3
[00:55:00][PEAR] [106] OK NIV-7960F8A556F19160 | FLOWER_HALO | SINGLE | CHANNEL | None | NONE | YELLOW_GOLD | YELLOW_GOLD | imgs:3
[00:55:06][PEAR] [107] OK NIV-0D7568D1ECC79C95 | FLOWER_HALO | SINGLE | PRONG | None | NONE | YELLOW_GOLD | YELLOW_GOLD | imgs:3
[00:55:09][PEAR] [108] OK NIV-4D4E2285F7377E17 | FLOWER_HALO | SINGLE | BEAD | None | NONE | YELLOW_GOLD | YELLOW_GOLD | imgs:3
[00:55:12][PEAR] [109] OK NIV-D848A5C63BDA7E82 | FLOWER_HALO | SINGLE | PAVE | None | NONE | YELLOW_GOLD | YELLOW_GOLD | imgs:3
[00:55:18][PEAR] [110] OK NIV-6A36EA2DF9A5BCB9 | FLOWER_HALO | SPLIT | NONE | PLAIN | NONE | YELLOW_GOLD | YELLOW_GOLD | imgs:3
[00:55:21][PEAR] [111] OK NIV-2B6CADF4764D81F3 | FLOWER_HALO | SPLIT | U_PAVE | None | NONE | YELLOW_GOLD | YELLOW_GOLD | imgs:3
[00:55:24][PEAR] [112] OK NIV-4C3C976D2FA66828 | FLOWER_HALO | SPLIT | PRONG | None | NONE | YELLOW_GOLD | YELLOW_GOLD | imgs:3
[00:55:30][PEAR] [113] OK NIV-0E07046B58B21300 | FLOWER_HALO | SPLIT | BEAD | None | NONE | YELLOW_GOLD | YELLOW_GOLD | imgs:3
[00:55:36][PEAR] [114] OK NIV-EC8ECC8D679A8B54 | FLOWER_HALO | SQUARE_EDGE | U_PAVE | None | NONE | YELLOW_GOLD | YELLOW_GOLD | imgs:3
[00:55:42][PEAR] [115] OK NIV-A3E31FE8E652E72F | FLOWER_HALO | SQUARE_EDGE | CHANNEL | None | NONE | YELLOW_GOLD | YELLOW_GOLD | imgs:3
[00:55:45][PEAR] [116] OK NIV-86DDE6415CC87A2C | FLOWER_HALO | SQUARE_EDGE | PRONG | None | NONE | YELLOW_GOLD | YELLOW_GOLD | imgs:3
[00:55:51][PEAR] [117] OK NIV-1B712FB3517C30DB | FLOWER_HALO | SQUARE_EDGE | BEAD | None | NONE | YELLOW_GOLD | YELLOW_GOLD | imgs:3
[00:55:54][PEAR] [118] OK NIV-B30F800E0683DC02 | FLOWER_HALO | SQUARE_EDGE | PAVE | None | NONE | YELLOW_GOLD | YELLOW_GOLD | imgs:3
[00:56:03][PEAR] [119] OK NIV-95ECAAF18527B9B1 | FLOWER_HALO | TAPERED | U_PAVE | None | NONE | YELLOW_GOLD | YELLOW_GOLD | imgs:3
[00:56:06][PEAR] [120] OK NIV-C1799B521DEE322C | FLOWER_HALO | TAPERED | CHANNEL | None | NONE | YELLOW_GOLD | YELLOW_GOLD | imgs:3
[00:56:12][PEAR] [121] OK NIV-675FF58BC81E32FF | FLOWER_HALO | TAPERED | PRONG | None | NONE | YELLOW_GOLD | YELLOW_GOLD | imgs:3
[00:56:15][PEAR] [122] OK NIV-12AE775E75A3155D | FLOWER_HALO | TAPERED | BEAD | None | NONE | YELLOW_GOLD | YELLOW_GOLD | imgs:3
[00:56:18][PEAR] [123] OK NIV-10DC9A45D15EECDB | FLOWER_HALO | TAPERED | PAVE | None | NONE | YELLOW_GOLD | YELLOW_GOLD | imgs:3
[00:56:19][PEAR]   Configurando fijos: GOLD / KT_18 / LABGROWN_DIAMOND / 1ct
[00:56:21][PEAR]   Fijos configurados OK
[00:56:25][PEAR] [124] OK NIV-0FB93ECE2D382840 | FOUR_PRONGS | CONTEMPORARY | U_PAVE | None | NONE | YELLOW_GOLD | YELLOW_GOLD | imgs:3
[00:56:30][PEAR] [125] OK NIV-9ABD7AB5EE655701 | FOUR_PRONGS | CONTEMPORARY | CHANNEL | None | NONE | YELLOW_GOLD | YELLOW_GOLD | imgs:3
[00:56:33][PEAR] [126] OK NIV-3651C56BAF76F278 | FOUR_PRONGS | CONTEMPORARY | PRONG | None | NONE | YELLOW_GOLD | YELLOW_GOLD | imgs:3
[00:56:39][PEAR] [127] OK NIV-211F73BADC8DDAB8 | FOUR_PRONGS | CONTEMPORARY | BEAD | None | NONE | YELLOW_GOLD | YELLOW_GOLD | imgs:3
[00:56:45][PEAR] [128] OK NIV-88C354A4D44F375A | FOUR_PRONGS | DOUBLE | NONE | PLAIN | NONE | YELLOW_GOLD | YELLOW_GOLD | imgs:3
[00:56:48][PEAR] [129] OK NIV-909B34E3D807E956 | FOUR_PRONGS | DOUBLE | U_PAVE | None | NONE | YELLOW_GOLD | YELLOW_GOLD | imgs:3
[00:56:52][PEAR] [130] OK NIV-39AF25ADC67D1D87 | FOUR_PRONGS | DOUBLE | CHANNEL | None | NONE | YELLOW_GOLD | YELLOW_GOLD | imgs:3
[00:56:57][PEAR] [131] OK NIV-450651EE5C41BE24 | FOUR_PRONGS | DOUBLE | PRONG | None | NONE | YELLOW_GOLD | YELLOW_GOLD | imgs:3
[00:57:00][PEAR] [132] OK NIV-F1DA29ECB1E0759B | FOUR_PRONGS | DOUBLE | BEAD | None | NONE | YELLOW_GOLD | YELLOW_GOLD | imgs:3
[00:57:06][PEAR] [133] OK NIV-0AB2C8649F4F11BA | FOUR_PRONGS | DOUBLE_TWIST | NONE | PLAIN | NONE | YELLOW_GOLD | YELLOW_GOLD | imgs:3
[00:57:09][PEAR] [134] OK NIV-75A0907AB539A1F4 | FOUR_PRONGS | DOUBLE_TWIST | U_PAVE | None | NONE | YELLOW_GOLD | YELLOW_GOLD | imgs:3
[00:57:15][PEAR] [135] OK NIV-64BC9B737049FF03 | FOUR_PRONGS | DOUBLE_TWIST | CHANNEL | None | NONE | YELLOW_GOLD | YELLOW_GOLD | imgs:3
[00:57:18][PEAR] [136] OK NIV-C2748ED12118A1A7 | FOUR_PRONGS | DOUBLE_TWIST | PRONG | None | NONE | YELLOW_GOLD | YELLOW_GOLD | imgs:3
[00:57:24][PEAR] [137] OK NIV-A2E1E43C01E646CC | FOUR_PRONGS | DOUBLE_TWIST | BEAD | None | NONE | YELLOW_GOLD | YELLOW_GOLD | imgs:3
[00:57:30][PEAR]   Re-seleccionando PEAR (intento 1)
[00:57:33][PEAR] [138] OK NIV-7960F8A556F19160 | FOUR_PRONGS | HIDDEN_HALO | CHANNEL | None | NONE | YELLOW_GOLD | YELLOW_GOLD | imgs:3
[00:57:39][PEAR] [139] OK NIV-0D7568D1ECC79C95 | FOUR_PRONGS | HIDDEN_HALO | PRONG | None | NONE | YELLOW_GOLD | YELLOW_GOLD | imgs:3
[00:57:42][PEAR] [140] OK NIV-4D4E2285F7377E17 | FOUR_PRONGS | HIDDEN_HALO | BEAD | None | NONE | YELLOW_GOLD | YELLOW_GOLD | imgs:3
[00:57:45][PEAR] [141] OK NIV-D848A5C63BDA7E82 | FOUR_PRONGS | HIDDEN_HALO | PAVE | None | NONE | YELLOW_GOLD | YELLOW_GOLD | imgs:3
[00:57:51][PEAR] [142] OK NIV-D5C0F85B48F232CE | FOUR_PRONGS | SINGLE | NONE | PLAIN | NONE | YELLOW_GOLD | YELLOW_GOLD | imgs:3
[00:57:54][PEAR] [143] OK NIV-E1F91533DAFBB975 | FOUR_PRONGS | SINGLE | U_PAVE | None | NONE | YELLOW_GOLD | YELLOW_GOLD | imgs:3
[00:57:57][PEAR] [144] OK NIV-7960F8A556F19160 | FOUR_PRONGS | SINGLE | CHANNEL | None | NONE | YELLOW_GOLD | YELLOW_GOLD | imgs:3
[00:58:03][PEAR] [145] OK NIV-0D7568D1ECC79C95 | FOUR_PRONGS | SINGLE | PRONG | None | NONE | YELLOW_GOLD | YELLOW_GOLD | imgs:3
[00:58:06][PEAR] [146] OK NIV-4D4E2285F7377E17 | FOUR_PRONGS | SINGLE | BEAD | None | NONE | YELLOW_GOLD | YELLOW_GOLD | imgs:3
[00:58:09][PEAR] [147] OK NIV-D848A5C63BDA7E82 | FOUR_PRONGS | SINGLE | PAVE | None | NONE | YELLOW_GOLD | YELLOW_GOLD | imgs:3
[00:58:15][PEAR] [148] OK NIV-6A36EA2DF9A5BCB9 | FOUR_PRONGS | SPLIT | NONE | PLAIN | NONE | YELLOW_GOLD | YELLOW_GOLD | imgs:3
[00:58:18][PEAR] [149] OK NIV-2B6CADF4764D81F3 | FOUR_PRONGS | SPLIT | U_PAVE | None | NONE | YELLOW_GOLD | YELLOW_GOLD | imgs:3
[00:58:21][PEAR] [150] OK NIV-4C3C976D2FA66828 | FOUR_PRONGS | SPLIT | PRONG | None | NONE | YELLOW_GOLD | YELLOW_GOLD | imgs:3
[00:58:27][PEAR] [151] OK NIV-0E07046B58B21300 | FOUR_PRONGS | SPLIT | BEAD | None | NONE | YELLOW_GOLD | YELLOW_GOLD | imgs:3
[00:58:33][PEAR] [152] OK NIV-EC8ECC8D679A8B54 | FOUR_PRONGS | SQUARE_EDGE | U_PAVE | None | NONE | YELLOW_GOLD | YELLOW_GOLD | imgs:3
[00:58:36][PEAR] [153] OK NIV-A3E31FE8E652E72F | FOUR_PRONGS | SQUARE_EDGE | CHANNEL | None | NONE | YELLOW_GOLD | YELLOW_GOLD | imgs:3
[00:58:42][PEAR] [154] OK NIV-86DDE6415CC87A2C | FOUR_PRONGS | SQUARE_EDGE | PRONG | None | NONE | YELLOW_GOLD | YELLOW_GOLD | imgs:3
[00:58:45][PEAR] [155] OK NIV-1B712FB3517C30DB | FOUR_PRONGS | SQUARE_EDGE | BEAD | None | NONE | YELLOW_GOLD | YELLOW_GOLD | imgs:3
[00:58:48][PEAR] [156] OK NIV-B30F800E0683DC02 | FOUR_PRONGS | SQUARE_EDGE | PAVE | None | NONE | YELLOW_GOLD | YELLOW_GOLD | imgs:3
[00:58:57][PEAR] [157] OK NIV-95ECAAF18527B9B1 | FOUR_PRONGS | TAPERED | U_PAVE | None | NONE | YELLOW_GOLD | YELLOW_GOLD | imgs:3
[00:59:00][PEAR] [158] OK NIV-C1799B521DEE322C | FOUR_PRONGS | TAPERED | CHANNEL | None | NONE | YELLOW_GOLD | YELLOW_GOLD | imgs:3
[00:59:03][PEAR] [159] OK NIV-675FF58BC81E32FF | FOUR_PRONGS | TAPERED | PRONG | None | NONE | YELLOW_GOLD | YELLOW_GOLD | imgs:3
[00:59:09][PEAR] [160] OK NIV-12AE775E75A3155D | FOUR_PRONGS | TAPERED | BEAD | None | NONE | YELLOW_GOLD | YELLOW_GOLD | imgs:3
[00:59:12][PEAR] [161] OK NIV-10DC9A45D15EECDB | FOUR_PRONGS | TAPERED | PAVE | None | NONE | YELLOW_GOLD | YELLOW_GOLD | imgs:3
[00:59:13][PEAR]   Configurando fijos: GOLD / KT_18 / LABGROWN_DIAMOND / 1ct
[00:59:15][PEAR]   Fijos configurados OK
[00:59:19][PEAR] [162] OK NIV-5C617192163545D2 | PAVE | CONTEMPORARY | U_PAVE | None | NONE | YELLOW_GOLD | YELLOW_GOLD | imgs:3
[00:59:26][PEAR] [163] OK NIV-634E450064F04422 | PAVE | CONTEMPORARY | CHANNEL | None | NONE | YELLOW_GOLD | YELLOW_GOLD | imgs:3
[00:59:30][PEAR] [164] OK NIV-E502088A1925B7FA | PAVE | CONTEMPORARY | PRONG | None | NONE | YELLOW_GOLD | YELLOW_GOLD | imgs:3
[00:59:36][PEAR] [165] OK NIV-C364975271C50646 | PAVE | CONTEMPORARY | BEAD | None | NONE | YELLOW_GOLD | YELLOW_GOLD | imgs:3
[00:59:42][PEAR] [166] OK NIV-01F5C8054AA55882 | PAVE | DOUBLE | NONE | PLAIN | NONE | YELLOW_GOLD | YELLOW_GOLD | imgs:3
[00:59:46][PEAR] [167] OK NIV-12E44C9703247A74 | PAVE | DOUBLE | U_PAVE | None | NONE | YELLOW_GOLD | YELLOW_GOLD | imgs:3
[00:59:51][PEAR] [168] OK NIV-49277B6F855901EB | PAVE | DOUBLE | CHANNEL | None | NONE | YELLOW_GOLD | YELLOW_GOLD | imgs:3
[00:59:54][PEAR] [169] OK NIV-ECE352E265CDFC06 | PAVE | DOUBLE | PRONG | None | NONE | YELLOW_GOLD | YELLOW_GOLD | imgs:3
[01:00:00][PEAR] [170] OK NIV-5F1FC04830EC9F96 | PAVE | DOUBLE | BEAD | None | NONE | YELLOW_GOLD | YELLOW_GOLD | imgs:3
[01:00:06][PEAR] [171] OK NIV-F4B6B1EB9A6D8002 | PAVE | DOUBLE_TWIST | NONE | PLAIN | NONE | YELLOW_GOLD | YELLOW_GOLD | imgs:3
[01:00:10][PEAR] [172] OK NIV-A567E45E09F987A0 | PAVE | DOUBLE_TWIST | U_PAVE | None | NONE | YELLOW_GOLD | YELLOW_GOLD | imgs:3
[01:00:15][PEAR] [173] OK NIV-3B33594B125C6E8E | PAVE | DOUBLE_TWIST | CHANNEL | None | NONE | YELLOW_GOLD | YELLOW_GOLD | imgs:3
[01:00:18][PEAR] [174] OK NIV-FACC3D2C16AEC0F3 | PAVE | DOUBLE_TWIST | PRONG | None | NONE | YELLOW_GOLD | YELLOW_GOLD | imgs:3
[01:00:24][PEAR] [175] OK NIV-A9C6E57298B20FBC | PAVE | DOUBLE_TWIST | BEAD | None | NONE | YELLOW_GOLD | YELLOW_GOLD | imgs:3
[01:00:30][PEAR]   Re-seleccionando PEAR (intento 1)
[01:00:33][PEAR] [176] OK NIV-7960F8A556F19160 | PAVE | HIDDEN_HALO | CHANNEL | None | NONE | YELLOW_GOLD | YELLOW_GOLD | imgs:3
[01:00:39][PEAR] [177] OK NIV-0D7568D1ECC79C95 | PAVE | HIDDEN_HALO | PRONG | None | NONE | YELLOW_GOLD | YELLOW_GOLD | imgs:3
[01:00:42][PEAR] [178] OK NIV-4D4E2285F7377E17 | PAVE | HIDDEN_HALO | BEAD | None | NONE | YELLOW_GOLD | YELLOW_GOLD | imgs:3
[01:00:45][PEAR] [179] OK NIV-D848A5C63BDA7E82 | PAVE | HIDDEN_HALO | PAVE | None | NONE | YELLOW_GOLD | YELLOW_GOLD | imgs:3
[01:00:51][PEAR] [180] OK NIV-D5C0F85B48F232CE | PAVE | SINGLE | NONE | PLAIN | NONE | YELLOW_GOLD | YELLOW_GOLD | imgs:3
[01:00:54][PEAR] [181] OK NIV-E1F91533DAFBB975 | PAVE | SINGLE | U_PAVE | None | NONE | YELLOW_GOLD | YELLOW_GOLD | imgs:3
[01:00:57][PEAR] [182] OK NIV-7960F8A556F19160 | PAVE | SINGLE | CHANNEL | None | NONE | YELLOW_GOLD | YELLOW_GOLD | imgs:3
[01:01:03][PEAR] [183] OK NIV-0D7568D1ECC79C95 | PAVE | SINGLE | PRONG | None | NONE | YELLOW_GOLD | YELLOW_GOLD | imgs:3
[01:01:06][PEAR] [184] OK NIV-4D4E2285F7377E17 | PAVE | SINGLE | BEAD | None | NONE | YELLOW_GOLD | YELLOW_GOLD | imgs:3
[01:01:09][PEAR] [185] OK NIV-D848A5C63BDA7E82 | PAVE | SINGLE | PAVE | None | NONE | YELLOW_GOLD | YELLOW_GOLD | imgs:3
[01:01:15][PEAR] [186] OK NIV-6A36EA2DF9A5BCB9 | PAVE | SPLIT | NONE | PLAIN | NONE | YELLOW_GOLD | YELLOW_GOLD | imgs:3
[01:01:18][PEAR] [187] OK NIV-2B6CADF4764D81F3 | PAVE | SPLIT | U_PAVE | None | NONE | YELLOW_GOLD | YELLOW_GOLD | imgs:3
[01:01:21][PEAR] [188] OK NIV-4C3C976D2FA66828 | PAVE | SPLIT | PRONG | None | NONE | YELLOW_GOLD | YELLOW_GOLD | imgs:3
[01:01:27][PEAR] [189] OK NIV-0E07046B58B21300 | PAVE | SPLIT | BEAD | None | NONE | YELLOW_GOLD | YELLOW_GOLD | imgs:3
[01:01:33][PEAR] [190] OK NIV-EC8ECC8D679A8B54 | PAVE | SQUARE_EDGE | U_PAVE | None | NONE | YELLOW_GOLD | YELLOW_GOLD | imgs:3
[01:01:36][PEAR] [191] OK NIV-A3E31FE8E652E72F | PAVE | SQUARE_EDGE | CHANNEL | None | NONE | YELLOW_GOLD | YELLOW_GOLD | imgs:3
[01:01:42][PEAR] [192] OK NIV-86DDE6415CC87A2C | PAVE | SQUARE_EDGE | PRONG | None | NONE | YELLOW_GOLD | YELLOW_GOLD | imgs:3
[01:01:45][PEAR] [193] OK NIV-1B712FB3517C30DB | PAVE | SQUARE_EDGE | BEAD | None | NONE | YELLOW_GOLD | YELLOW_GOLD | imgs:3
[01:01:51][PEAR] [194] OK NIV-B30F800E0683DC02 | PAVE | SQUARE_EDGE | PAVE | None | NONE | YELLOW_GOLD | YELLOW_GOLD | imgs:3
[01:01:57][PEAR] [195] OK NIV-95ECAAF18527B9B1 | PAVE | TAPERED | U_PAVE | None | NONE | YELLOW_GOLD | YELLOW_GOLD | imgs:3
[01:02:00][PEAR] [196] OK NIV-C1799B521DEE322C | PAVE | TAPERED | CHANNEL | None | NONE | YELLOW_GOLD | YELLOW_GOLD | imgs:3
[01:02:06][PEAR] [197] OK NIV-675FF58BC81E32FF | PAVE | TAPERED | PRONG | None | NONE | YELLOW_GOLD | YELLOW_GOLD | imgs:3
[01:02:09][PEAR] [198] OK NIV-12AE775E75A3155D | PAVE | TAPERED | BEAD | None | NONE | YELLOW_GOLD | YELLOW_GOLD | imgs:3
[01:02:12][PEAR] [199] OK NIV-10DC9A45D15EECDB | PAVE | TAPERED | PAVE | None | NONE | YELLOW_GOLD | YELLOW_GOLD | imgs:3
[01:02:13][PEAR]   Configurando fijos: GOLD / KT_18 / LABGROWN_DIAMOND / 1ct
[01:02:15][PEAR]   Fijos configurados OK
[01:02:21][PEAR] [200] OK NIV-E28F17E832F572CD | PEG_HEAD | CONTEMPORARY | U_PAVE | None | NONE | YELLOW_GOLD | YELLOW_GOLD | imgs:3
[01:02:24][PEAR] [201] OK NIV-E691688FBC87434A | PEG_HEAD | CONTEMPORARY | CHANNEL | None | NONE | YELLOW_GOLD | YELLOW_GOLD | imgs:3
[01:02:30][PEAR] [202] OK NIV-1D0A45C66161223F | PEG_HEAD | CONTEMPORARY | PRONG | None | NONE | YELLOW_GOLD | YELLOW_GOLD | imgs:3
[01:02:33][PEAR] [203] OK NIV-275B9592A1E80058 | PEG_HEAD | CONTEMPORARY | BEAD | None | NONE | YELLOW_GOLD | YELLOW_GOLD | imgs:3
[01:02:39][PEAR] [204] OK NIV-4264CBB869CA99FF | PEG_HEAD | DOUBLE | NONE | PLAIN | NONE | YELLOW_GOLD | YELLOW_GOLD | imgs:3
[01:02:42][PEAR] [205] OK NIV-175CF4B421AF7322 | PEG_HEAD | DOUBLE | U_PAVE | None | NONE | YELLOW_GOLD | YELLOW_GOLD | imgs:3
[01:02:48][PEAR] [206] OK NIV-D40A31D9BE27057B | PEG_HEAD | DOUBLE | CHANNEL | None | NONE | YELLOW_GOLD | YELLOW_GOLD | imgs:3
[01:02:51][PEAR] [207] OK NIV-C1AE2DC5549BA8C5 | PEG_HEAD | DOUBLE | PRONG | None | NONE | YELLOW_GOLD | YELLOW_GOLD | imgs:3
[01:02:57][PEAR] [208] OK NIV-6403ECB4D142C17E | PEG_HEAD | DOUBLE | BEAD | None | NONE | YELLOW_GOLD | YELLOW_GOLD | imgs:3
[01:03:03][PEAR] [209] OK NIV-787170231F557A36 | PEG_HEAD | DOUBLE_TWIST | NONE | PLAIN | NONE | YELLOW_GOLD | YELLOW_GOLD | imgs:3
[01:03:07][PEAR] [210] OK NIV-9A124236016E5B14 | PEG_HEAD | DOUBLE_TWIST | U_PAVE | None | NONE | YELLOW_GOLD | YELLOW_GOLD | imgs:3
[01:03:12][PEAR] [211] OK NIV-8D9EDFE98EA53246 | PEG_HEAD | DOUBLE_TWIST | CHANNEL | None | NONE | YELLOW_GOLD | YELLOW_GOLD | imgs:3
[01:03:15][PEAR] [212] OK NIV-6A8104F83BD0B711 | PEG_HEAD | DOUBLE_TWIST | PRONG | None | NONE | YELLOW_GOLD | YELLOW_GOLD | imgs:3
[01:03:21][PEAR] [213] OK NIV-2FBCD81E15955CE2 | PEG_HEAD | DOUBLE_TWIST | BEAD | None | NONE | YELLOW_GOLD | YELLOW_GOLD | imgs:3
[01:03:27][PEAR] [214] OK NIV-F069B41ADC3B477E | PEG_HEAD | SINGLE | NONE | PLAIN | NONE | YELLOW_GOLD | YELLOW_GOLD | imgs:3
[01:03:31][PEAR] [215] OK NIV-DC7A367E13286726 | PEG_HEAD | SINGLE | U_PAVE | None | NONE | YELLOW_GOLD | YELLOW_GOLD | imgs:3
[01:03:36][PEAR] [216] OK NIV-EB73174BF15EC19D | PEG_HEAD | SINGLE | CHANNEL | None | NONE | YELLOW_GOLD | YELLOW_GOLD | imgs:3
[01:03:39][PEAR] [217] OK NIV-CF0B6A88D432C2FF | PEG_HEAD | SINGLE | PRONG | None | NONE | YELLOW_GOLD | YELLOW_GOLD | imgs:3
[01:03:45][PEAR] [218] OK NIV-38F6CF42B80E9C59 | PEG_HEAD | SINGLE | BEAD | None | NONE | YELLOW_GOLD | YELLOW_GOLD | imgs:3
[01:03:48][PEAR] [219] OK NIV-46968EDAC374F88A | PEG_HEAD | SINGLE | PAVE | None | NONE | YELLOW_GOLD | YELLOW_GOLD | imgs:3
[01:03:54][PEAR] [220] OK NIV-32A3C275E8F1A0F5 | PEG_HEAD | SPLIT | NONE | PLAIN | NONE | YELLOW_GOLD | YELLOW_GOLD | imgs:3
[01:03:57][PEAR] [221] OK NIV-1498A8ECC9693748 | PEG_HEAD | SPLIT | U_PAVE | None | NONE | YELLOW_GOLD | YELLOW_GOLD | imgs:3
[01:04:01][PEAR] [222] OK NIV-CDD2389A508E8C42 | PEG_HEAD | SPLIT | PRONG | None | NONE | YELLOW_GOLD | YELLOW_GOLD | imgs:3
[01:04:06][PEAR] [223] OK NIV-35EA01587A5E3CFA | PEG_HEAD | SPLIT | BEAD | None | NONE | YELLOW_GOLD | YELLOW_GOLD | imgs:3
[01:04:12][PEAR]   Re-seleccionando PEAR (intento 1)
[01:04:15][PEAR] [224] OK NIV-7960F8A556F19160 | PEG_HEAD | SQUARE_EDGE | CHANNEL | None | NONE | YELLOW_GOLD | YELLOW_GOLD | imgs:3
[01:04:21][PEAR] [225] OK NIV-0D7568D1ECC79C95 | PEG_HEAD | SQUARE_EDGE | PRONG | None | NONE | YELLOW_GOLD | YELLOW_GOLD | imgs:3
[01:04:24][PEAR] [226] OK NIV-4D4E2285F7377E17 | PEG_HEAD | SQUARE_EDGE | BEAD | None | NONE | YELLOW_GOLD | YELLOW_GOLD | imgs:3
[01:04:27][PEAR] [227] OK NIV-D848A5C63BDA7E82 | PEG_HEAD | SQUARE_EDGE | PAVE | None | NONE | YELLOW_GOLD | YELLOW_GOLD | imgs:3
[01:04:36][PEAR] [228] OK NIV-95ECAAF18527B9B1 | PEG_HEAD | TAPERED | U_PAVE | None | NONE | YELLOW_GOLD | YELLOW_GOLD | imgs:3
[01:04:39][PEAR] [229] OK NIV-C1799B521DEE322C | PEG_HEAD | TAPERED | CHANNEL | None | NONE | YELLOW_GOLD | YELLOW_GOLD | imgs:3
[01:04:42][PEAR] [230] OK NIV-675FF58BC81E32FF | PEG_HEAD | TAPERED | PRONG | None | NONE | YELLOW_GOLD | YELLOW_GOLD | imgs:3
[01:04:48][PEAR] [231] OK NIV-12AE775E75A3155D | PEG_HEAD | TAPERED | BEAD | None | NONE | YELLOW_GOLD | YELLOW_GOLD | imgs:3
[01:04:51][PEAR] [232] OK NIV-8B258028C1502F2B | PEG_HEAD | TAPERED | BEAD | None | NONE | WHITE_GOLD | WHITE_GOLD | imgs:3
[01:04:54][PEAR] [233] OK NIV-CE823F8AB9FDCB5F | PEG_HEAD | TAPERED | BEAD | None | NONE | ROSE_GOLD | ROSE_GOLD | imgs:3
[01:04:57][PEAR] [234] OK NIV-10DC9A45D15EECDB | PEG_HEAD | TAPERED | PAVE | None | NONE | YELLOW_GOLD | YELLOW_GOLD | imgs:3
[01:04:58][PEAR]   Configurando fijos: GOLD / KT_18 / LABGROWN_DIAMOND / 1ct
[01:05:00][PEAR]   Fijos configurados OK
[01:05:03][PEAR] [235] OK NIV-41D6DDB1C97E50C2 | SINGLE_HALO | CONTEMPORARY | U_PAVE | None | NONE | YELLOW_GOLD | YELLOW_GOLD | imgs:3
[01:05:09][PEAR] [236] OK NIV-83C263BBA2CE1743 | SINGLE_HALO | CONTEMPORARY | CHANNEL | None | NONE | YELLOW_GOLD | YELLOW_GOLD | imgs:3
[01:05:12][PEAR] [237] OK NIV-8E14010A1C984D95 | SINGLE_HALO | CONTEMPORARY | PRONG | None | NONE | YELLOW_GOLD | YELLOW_GOLD | imgs:3
[01:05:18][PEAR] [238] OK NIV-E3891073EB1CD614 | SINGLE_HALO | CONTEMPORARY | BEAD | None | NONE | YELLOW_GOLD | YELLOW_GOLD | imgs:3
[01:05:24][PEAR] [239] OK NIV-B8AABCE2FBAFD328 | SINGLE_HALO | DOUBLE | NONE | PLAIN | NONE | YELLOW_GOLD | YELLOW_GOLD | imgs:3
[01:05:28][PEAR] [240] OK NIV-2F28F921CFDFE7AC | SINGLE_HALO | DOUBLE | U_PAVE | None | NONE | YELLOW_GOLD | YELLOW_GOLD | imgs:3
[01:05:33][PEAR] [241] OK NIV-16440B9642B1010A | SINGLE_HALO | DOUBLE | CHANNEL | None | NONE | YELLOW_GOLD | YELLOW_GOLD | imgs:3
[01:05:36][PEAR] [242] OK NIV-B252B19EFA0C7DBC | SINGLE_HALO | DOUBLE | PRONG | None | NONE | YELLOW_GOLD | YELLOW_GOLD | imgs:3
[01:05:42][PEAR] [243] OK NIV-2ADA5EA5EC1AF1D4 | SINGLE_HALO | DOUBLE | BEAD | None | NONE | YELLOW_GOLD | YELLOW_GOLD | imgs:3
[01:05:48][PEAR] [244] OK NIV-915F88B5DD88ED8E | SINGLE_HALO | DOUBLE_TWIST | NONE | PLAIN | NONE | YELLOW_GOLD | YELLOW_GOLD | imgs:3
[01:05:51][PEAR] [245] OK NIV-2E54CB160FFAEE0B | SINGLE_HALO | DOUBLE_TWIST | U_PAVE | None | NONE | YELLOW_GOLD | YELLOW_GOLD | imgs:3
[01:05:57][PEAR] [246] OK NIV-70B37338432E5688 | SINGLE_HALO | DOUBLE_TWIST | CHANNEL | None | NONE | YELLOW_GOLD | YELLOW_GOLD | imgs:3
[01:06:00][PEAR] [247] OK NIV-803FBE3175A83993 | SINGLE_HALO | DOUBLE_TWIST | PRONG | None | NONE | YELLOW_GOLD | YELLOW_GOLD | imgs:3
[01:06:06][PEAR] [248] OK NIV-B6505BC22FF61FBC | SINGLE_HALO | DOUBLE_TWIST | BEAD | None | NONE | YELLOW_GOLD | YELLOW_GOLD | imgs:3
[01:06:12][PEAR]   Re-seleccionando PEAR (intento 1)
[01:06:15][PEAR] [249] OK NIV-7960F8A556F19160 | SINGLE_HALO | HIDDEN_HALO | CHANNEL | None | NONE | YELLOW_GOLD | YELLOW_GOLD | imgs:3
[01:06:18][PEAR] [250] OK NIV-0D7568D1ECC79C95 | SINGLE_HALO | HIDDEN_HALO | PRONG | None | NONE | YELLOW_GOLD | YELLOW_GOLD | imgs:3
[01:06:24][PEAR] [251] OK NIV-4D4E2285F7377E17 | SINGLE_HALO | HIDDEN_HALO | BEAD | None | NONE | YELLOW_GOLD | YELLOW_GOLD | imgs:3
[01:06:27][PEAR] [252] OK NIV-D848A5C63BDA7E82 | SINGLE_HALO | HIDDEN_HALO | PAVE | None | NONE | YELLOW_GOLD | YELLOW_GOLD | imgs:3
[01:06:33][PEAR] [253] OK NIV-D5C0F85B48F232CE | SINGLE_HALO | SINGLE | NONE | PLAIN | NONE | YELLOW_GOLD | YELLOW_GOLD | imgs:3
[01:06:36][PEAR] [254] OK NIV-E1F91533DAFBB975 | SINGLE_HALO | SINGLE | U_PAVE | None | NONE | YELLOW_GOLD | YELLOW_GOLD | imgs:3
[01:06:39][PEAR] [255] OK NIV-7960F8A556F19160 | SINGLE_HALO | SINGLE | CHANNEL | None | NONE | YELLOW_GOLD | YELLOW_GOLD | imgs:3
[01:06:45][PEAR] [256] OK NIV-0D7568D1ECC79C95 | SINGLE_HALO | SINGLE | PRONG | None | NONE | YELLOW_GOLD | YELLOW_GOLD | imgs:3
[01:06:48][PEAR] [257] OK NIV-4D4E2285F7377E17 | SINGLE_HALO | SINGLE | BEAD | None | NONE | YELLOW_GOLD | YELLOW_GOLD | imgs:3
[01:06:54][PEAR] [258] OK NIV-D848A5C63BDA7E82 | SINGLE_HALO | SINGLE | PAVE | None | NONE | YELLOW_GOLD | YELLOW_GOLD | imgs:3
[01:07:00][PEAR] [259] OK NIV-6A36EA2DF9A5BCB9 | SINGLE_HALO | SPLIT | NONE | PLAIN | NONE | YELLOW_GOLD | YELLOW_GOLD | imgs:3
[01:07:03][PEAR] [260] OK NIV-2B6CADF4764D81F3 | SINGLE_HALO | SPLIT | U_PAVE | None | NONE | YELLOW_GOLD | YELLOW_GOLD | imgs:3
[01:07:06][PEAR] [261] OK NIV-4C3C976D2FA66828 | SINGLE_HALO | SPLIT | PRONG | None | NONE | YELLOW_GOLD | YELLOW_GOLD | imgs:3
[01:07:12][PEAR] [262] OK NIV-0E07046B58B21300 | SINGLE_HALO | SPLIT | BEAD | None | NONE | YELLOW_GOLD | YELLOW_GOLD | imgs:3
[01:07:18][PEAR] [263] OK NIV-EC8ECC8D679A8B54 | SINGLE_HALO | SQUARE_EDGE | U_PAVE | None | NONE | YELLOW_GOLD | YELLOW_GOLD | imgs:3
[01:07:22][PEAR] [264] OK NIV-C5D731CAEECE0FA0 | SINGLE_HALO | SQUARE_EDGE | U_PAVE | None | NONE | WHITE_GOLD | WHITE_GOLD | imgs:3
[01:07:26][PEAR] [265] OK NIV-22BB2720CEB439BD | SINGLE_HALO | SQUARE_EDGE | U_PAVE | None | NONE | ROSE_GOLD | ROSE_GOLD | imgs:3
[01:07:30][PEAR] [266] OK NIV-A3E31FE8E652E72F | SINGLE_HALO | SQUARE_EDGE | CHANNEL | None | NONE | YELLOW_GOLD | YELLOW_GOLD | imgs:3
[01:07:33][PEAR] [267] OK NIV-86DDE6415CC87A2C | SINGLE_HALO | SQUARE_EDGE | PRONG | None | NONE | YELLOW_GOLD | YELLOW_GOLD | imgs:3
[01:07:36][PEAR] [268] OK NIV-1B712FB3517C30DB | SINGLE_HALO | SQUARE_EDGE | BEAD | None | NONE | YELLOW_GOLD | YELLOW_GOLD | imgs:3
[01:07:42][PEAR] [269] OK NIV-B30F800E0683DC02 | SINGLE_HALO | SQUARE_EDGE | PAVE | None | NONE | YELLOW_GOLD | YELLOW_GOLD | imgs:3
[01:07:48][PEAR] [270] OK NIV-95ECAAF18527B9B1 | SINGLE_HALO | TAPERED | U_PAVE | None | NONE | YELLOW_GOLD | YELLOW_GOLD | imgs:3
[01:07:51][PEAR] [271] OK NIV-D3A5D313EDF8F4CB | SINGLE_HALO | TAPERED | U_PAVE | None | NONE | WHITE_GOLD | WHITE_GOLD | imgs:3
[01:07:56][PEAR] [272] OK NIV-5B74566EBAC4DD7C | SINGLE_HALO | TAPERED | U_PAVE | None | NONE | ROSE_GOLD | ROSE_GOLD | imgs:3
[01:08:00][PEAR] [273] OK NIV-C1799B521DEE322C | SINGLE_HALO | TAPERED | CHANNEL | None | NONE | YELLOW_GOLD | YELLOW_GOLD | imgs:3
[01:08:03][PEAR] [274] OK NIV-675FF58BC81E32FF | SINGLE_HALO | TAPERED | PRONG | None | NONE | YELLOW_GOLD | YELLOW_GOLD | imgs:3
[01:08:06][PEAR] [275] OK NIV-12AE775E75A3155D | SINGLE_HALO | TAPERED | BEAD | None | NONE | YELLOW_GOLD | YELLOW_GOLD | imgs:3
[01:08:12][PEAR] [276] OK NIV-10DC9A45D15EECDB | SINGLE_HALO | TAPERED | PAVE | None | NONE | YELLOW_GOLD | YELLOW_GOLD | imgs:3
[01:08:13][PEAR] COMPLETO ? 9103 resultados guardados en /home/juan/Documentos/Proyectos/Universal_Gold/scraper_v4/results/results_PEAR.json
