[22:01:08][CUSHION] Retomando: 10553 ya scrapeados, 10553 seen_keys cargadas
[22:01:09][CUSHION] Iniciando worker para CUSHION
[22:01:09][CUSHION] Fijos: metal=GOLD quality=KT_18 stone=LABGROWN_DIAMOND size=1ct
[22:01:10][CUSHION] Cargando configurador (intento 1/5)...
[22:01:26][CUSHION]   UI del configurador detectada
[22:01:26][CUSHION]   Configurador listo en intento 1
[22:01:28][CUSHION] Seleccionando ROUND como base...
[22:01:30][CUSHION]   Re-seleccionando CUSHION (intento 1)
[22:01:31][CUSHION] Forma CUSHION activa. Comenzando scrape...
[22:01:31][CUSHION]   Configurando fijos: GOLD / KT_18 / LABGROWN_DIAMOND / 1ct
[22:01:33][CUSHION]   Fijos configurados OK
[22:01:33][CUSHION]   Configurando fijos: GOLD / KT_18 / LABGROWN_DIAMOND / 1ct
[22:01:34][CUSHION]   Fijos configurados OK
[22:01:35][CUSHION]   SKIP mounting=CONTEMPORARY (todos los colores ya capturados)
[22:01:35][CUSHION]   SKIP mounting=DOUBLE (todos los colores ya capturados)
[22:01:35][CUSHION]   SKIP mounting=DOUBLE_TWIST (todos los colores ya capturados)
[22:01:35][CUSHION]   SKIP mounting=HIDDEN_HALO (todos los colores ya capturados)
[22:01:35][CUSHION]   SKIP mounting=SINGLE (todos los colores ya capturados)
[22:01:39][CUSHION] [1] OK NIV-726BBC6F485389C8 | BASKET | SPLIT | NONE | PLAIN | NONE | YELLOW_GOLD | YELLOW_GOLD | imgs:3
[22:01:43][CUSHION] [2] OK NIV-DDF0F6F214E49F9E | BASKET | SPLIT | U_PAVE | None | NONE | YELLOW_GOLD | YELLOW_GOLD | imgs:3
[22:01:48][CUSHION] [3] OK NIV-C43F8BD461904D60 | BASKET | SPLIT | PRONG | None | NONE | YELLOW_GOLD | YELLOW_GOLD | imgs:3
[22:01:52][CUSHION] [4] OK NIV-45B4ECFD4E9B4BF5 | BASKET | SPLIT | BEAD | None | NONE | YELLOW_GOLD | YELLOW_GOLD | imgs:3
[22:01:58][CUSHION]   Re-seleccionando CUSHION (intento 1)
[22:02:03][CUSHION] [5] OK NIV-08013CFF2DD36CB1 | BASKET | SQUARE_EDGE | CHANNEL | None | NONE | YELLOW_GOLD | YELLOW_GOLD | imgs:3
[22:02:07][CUSHION] [6] OK NIV-12FCBFA6F0B4022C | BASKET | SQUARE_EDGE | PRONG | None | NONE | YELLOW_GOLD | YELLOW_GOLD | imgs:3
[22:02:12][CUSHION] [7] OK NIV-12B4880301AAC64F | BASKET | SQUARE_EDGE | BEAD | None | NONE | YELLOW_GOLD | YELLOW_GOLD | imgs:3
[22:02:16][CUSHION] [8] OK NIV-BDAE7AE947BFE237 | BASKET | SQUARE_EDGE | PAVE | None | NONE | YELLOW_GOLD | YELLOW_GOLD | imgs:3
[22:02:22][CUSHION]   Re-seleccionando CUSHION (intento 1)
[22:02:27][CUSHION] [9] OK NIV-08013CFF2DD36CB1 | BASKET | TAPERED | CHANNEL | None | NONE | YELLOW_GOLD | YELLOW_GOLD | imgs:3
[22:02:30][CUSHION] [10] OK NIV-12FCBFA6F0B4022C | BASKET | TAPERED | PRONG | None | NONE | YELLOW_GOLD | YELLOW_GOLD | imgs:3
[22:02:36][CUSHION] [11] OK NIV-12B4880301AAC64F | BASKET | TAPERED | BEAD | None | NONE | YELLOW_GOLD | YELLOW_GOLD | imgs:3
[22:02:39][CUSHION] [12] OK NIV-BDAE7AE947BFE237 | BASKET | TAPERED | PAVE | None | NONE | YELLOW_GOLD | YELLOW_GOLD | imgs:3
[22:02:40][CUSHION]   Configurando fijos: GOLD / KT_18 / LABGROWN_DIAMOND / 1ct
[22:02:42][CUSHION]   Fijos configurados OK
[22:02:46][CUSHION] [13] OK NIV-847642E54BA0FB3F | CROWN | CONTEMPORARY | U_PAVE | None | NONE | YELLOW_GOLD | YELLOW_GOLD | imgs:3
[22:02:51][CUSHION] [14] OK NIV-950D4ADB8C24B316 | CROWN | CONTEMPORARY | CHANNEL | None | NONE | YELLOW_GOLD | YELLOW_GOLD | imgs:3
[22:02:54][CUSHION] [15] OK NIV-0CBF6A309E68C149 | CROWN | CONTEMPORARY | PRONG | None | NONE | YELLOW_GOLD | YELLOW_GOLD | imgs:3
[22:02:58][CUSHION] [16] OK NIV-82F49A420CD92A07 | CROWN | CONTEMPORARY | BEAD | None | NONE | YELLOW_GOLD | YELLOW_GOLD | imgs:3
[22:03:03][CUSHION] [17] OK NIV-2EB033252BF7C591 | CROWN | DOUBLE | NONE | PLAIN | NONE | YELLOW_GOLD | YELLOW_GOLD | imgs:3
[22:03:07][CUSHION] [18] OK NIV-553F6F4A04CC76AA | CROWN | DOUBLE | U_PAVE | None | NONE | YELLOW_GOLD | YELLOW_GOLD | imgs:3
[22:03:12][CUSHION] [19] OK NIV-314A1B7A4F156A23 | CROWN | DOUBLE | CHANNEL | None | NONE | YELLOW_GOLD | YELLOW_GOLD | imgs:3
[22:03:16][CUSHION] [20] OK NIV-683F8DFDDF20C31A | CROWN | DOUBLE | PRONG | None | NONE | YELLOW_GOLD | YELLOW_GOLD | imgs:3
[22:03:21][CUSHION] [21] OK NIV-6297650F527176F6 | CROWN | DOUBLE | BEAD | None | NONE | YELLOW_GOLD | YELLOW_GOLD | imgs:3
[22:03:27][CUSHION] [22] OK NIV-A66E6A17E1EFE8AA | CROWN | DOUBLE_TWIST | NONE | PLAIN | NONE | YELLOW_GOLD | YELLOW_GOLD | imgs:3
[22:03:31][CUSHION] [23] OK NIV-00BBE40D4763885A | CROWN | DOUBLE_TWIST | U_PAVE | None | NONE | YELLOW_GOLD | YELLOW_GOLD | imgs:3
[22:03:36][CUSHION] [24] OK NIV-A2302E6581DAD630 | CROWN | DOUBLE_TWIST | CHANNEL | None | NONE | YELLOW_GOLD | YELLOW_GOLD | imgs:3
[22:03:40][CUSHION] [25] OK NIV-C3AD3DA890447619 | CROWN | DOUBLE_TWIST | PRONG | None | NONE | YELLOW_GOLD | YELLOW_GOLD | imgs:3
[22:03:45][CUSHION] [26] OK NIV-242AFCEBB7583462 | CROWN | DOUBLE_TWIST | BEAD | None | NONE | YELLOW_GOLD | YELLOW_GOLD | imgs:3
[22:03:51][CUSHION]   Re-seleccionando CUSHION (intento 1)
[22:03:54][CUSHION] [27] OK NIV-08013CFF2DD36CB1 | CROWN | HIDDEN_HALO | CHANNEL | None | NONE | YELLOW_GOLD | YELLOW_GOLD | imgs:3
[22:04:00][CUSHION] [28] OK NIV-12FCBFA6F0B4022C | CROWN | HIDDEN_HALO | PRONG | None | NONE | YELLOW_GOLD | YELLOW_GOLD | imgs:3
[22:04:03][CUSHION] [29] OK NIV-12B4880301AAC64F | CROWN | HIDDEN_HALO | BEAD | None | NONE | YELLOW_GOLD | YELLOW_GOLD | imgs:3
[22:04:07][CUSHION] [30] OK NIV-BDAE7AE947BFE237 | CROWN | HIDDEN_HALO | PAVE | None | NONE | YELLOW_GOLD | YELLOW_GOLD | imgs:3
[22:04:12][CUSHION] [31] OK NIV-77CA058E09AC987B | CROWN | SINGLE | NONE | PLAIN | NONE | YELLOW_GOLD | YELLOW_GOLD | imgs:3
[22:04:16][CUSHION] [32] OK NIV-DCA7F9BA77F85A73 | CROWN | SINGLE | U_PAVE | None | NONE | YELLOW_GOLD | YELLOW_GOLD | imgs:3
[22:04:21][CUSHION] [33] OK NIV-08013CFF2DD36CB1 | CROWN | SINGLE | CHANNEL | None | NONE | YELLOW_GOLD | YELLOW_GOLD | imgs:3
[22:04:24][CUSHION] [34] OK NIV-12FCBFA6F0B4022C | CROWN | SINGLE | PRONG | None | NONE | YELLOW_GOLD | YELLOW_GOLD | imgs:3
[22:04:28][CUSHION] [35] OK NIV-12B4880301AAC64F | CROWN | SINGLE | BEAD | None | NONE | YELLOW_GOLD | YELLOW_GOLD | imgs:3
[22:04:33][CUSHION] [36] OK NIV-BDAE7AE947BFE237 | CROWN | SINGLE | PAVE | None | NONE | YELLOW_GOLD | YELLOW_GOLD | imgs:3
[22:04:39][CUSHION] [37] OK NIV-96DB109C0D576672 | CROWN | SPLIT | NONE | PLAIN | NONE | YELLOW_GOLD | YELLOW_GOLD | imgs:3
[22:04:43][CUSHION] [38] OK NIV-F88761E3E3286493 | CROWN | SPLIT | U_PAVE | None | NONE | YELLOW_GOLD | YELLOW_GOLD | imgs:3
[22:04:48][CUSHION] [39] OK NIV-69089FFF1A789D40 | CROWN | SPLIT | PRONG | None | NONE | YELLOW_GOLD | YELLOW_GOLD | imgs:3
[22:04:52][CUSHION] [40] OK NIV-8C4158CA3CCDC340 | CROWN | SPLIT | BEAD | None | NONE | YELLOW_GOLD | YELLOW_GOLD | imgs:3
[22:04:58][CUSHION]   Re-seleccionando CUSHION (intento 1)
[22:05:03][CUSHION] [41] OK NIV-08013CFF2DD36CB1 | CROWN | SQUARE_EDGE | CHANNEL | None | NONE | YELLOW_GOLD | YELLOW_GOLD | imgs:3
[22:05:06][CUSHION] [42] OK NIV-12FCBFA6F0B4022C | CROWN | SQUARE_EDGE | PRONG | None | NONE | YELLOW_GOLD | YELLOW_GOLD | imgs:3
[22:05:10][CUSHION] [43] OK NIV-12B4880301AAC64F | CROWN | SQUARE_EDGE | BEAD | None | NONE | YELLOW_GOLD | YELLOW_GOLD | imgs:3
[22:05:15][CUSHION] [44] OK NIV-BDAE7AE947BFE237 | CROWN | SQUARE_EDGE | PAVE | None | NONE | YELLOW_GOLD | YELLOW_GOLD | imgs:3
[22:05:22][CUSHION] [45] OK NIV-0E27FE3351F4E6AA | CROWN | TAPERED | U_PAVE | None | NONE | YELLOW_GOLD | YELLOW_GOLD | imgs:3
[22:05:27][CUSHION] [46] OK NIV-944D8E2780DD1E50 | CROWN | TAPERED | CHANNEL | None | NONE | YELLOW_GOLD | YELLOW_GOLD | imgs:3
[22:05:32][CUSHION] [47] OK NIV-2DF780FCF4BCD611 | CROWN | TAPERED | PRONG | None | NONE | YELLOW_GOLD | YELLOW_GOLD | imgs:3
[22:05:36][CUSHION] [48] OK NIV-10F7EE1809FA9D8C | CROWN | TAPERED | BEAD | None | NONE | YELLOW_GOLD | YELLOW_GOLD | imgs:3
[22:05:42][CUSHION] [49] OK NIV-171250DB098DB210 | CROWN | TAPERED | PAVE | None | NONE | YELLOW_GOLD | YELLOW_GOLD | imgs:3
[22:05:43][CUSHION]   Configurando fijos: GOLD / KT_18 / LABGROWN_DIAMOND / 1ct
[22:05:45][CUSHION]   Fijos configurados OK
[22:05:49][CUSHION] [50] OK NIV-DB55D87195940126 | DOUBLE_HALO | CONTEMPORARY | U_PAVE | None | NONE | YELLOW_GOLD | YELLOW_GOLD | imgs:3
[22:05:54][CUSHION] [51] OK NIV-76D48C228A4F1BF8 | DOUBLE_HALO | CONTEMPORARY | CHANNEL | None | NONE | YELLOW_GOLD | YELLOW_GOLD | imgs:3
[22:05:57][CUSHION] [52] OK NIV-303C2D465E666FF4 | DOUBLE_HALO | CONTEMPORARY | PRONG | None | NONE | YELLOW_GOLD | YELLOW_GOLD | imgs:3
[22:06:03][CUSHION] [53] OK NIV-3D1979F50781040C | DOUBLE_HALO | CONTEMPORARY | BEAD | None | NONE | YELLOW_GOLD | YELLOW_GOLD | imgs:3
[22:06:09][CUSHION] [54] OK NIV-32B1D58E50F4E189 | DOUBLE_HALO | DOUBLE | NONE | PLAIN | NONE | YELLOW_GOLD | YELLOW_GOLD | imgs:3
[22:06:13][CUSHION] [55] OK NIV-A7E20BBEA5353EF0 | DOUBLE_HALO | DOUBLE | U_PAVE | None | NONE | YELLOW_GOLD | YELLOW_GOLD | imgs:3
[22:06:18][CUSHION] [56] OK NIV-C5288FABD2C91FC5 | DOUBLE_HALO | DOUBLE | CHANNEL | None | NONE | YELLOW_GOLD | YELLOW_GOLD | imgs:3
[22:06:22][CUSHION] [57] OK NIV-FCF41DC995DE312F | DOUBLE_HALO | DOUBLE | PRONG | None | NONE | YELLOW_GOLD | YELLOW_GOLD | imgs:3
[22:06:29][CUSHION] [58] OK NIV-493CFB39D106D1A5 | DOUBLE_HALO | DOUBLE | BEAD | None | NONE | YELLOW_GOLD | YELLOW_GOLD | imgs:3
[22:06:34][CUSHION] [59] OK NIV-DA64B2F7B7DEFDA7 | DOUBLE_HALO | DOUBLE_TWIST | NONE | PLAIN | NONE | YELLOW_GOLD | YELLOW_GOLD | imgs:3
[22:06:39][CUSHION] [60] OK NIV-E5E75CA0AD26AB25 | DOUBLE_HALO | DOUBLE_TWIST | U_PAVE | None | NONE | YELLOW_GOLD | YELLOW_GOLD | imgs:3
[22:06:43][CUSHION] [61] OK NIV-79717D52A91E9B8D | DOUBLE_HALO | DOUBLE_TWIST | CHANNEL | None | NONE | YELLOW_GOLD | YELLOW_GOLD | imgs:3
[22:06:48][CUSHION] [62] OK NIV-9EC0D95ADA1C3FE5 | DOUBLE_HALO | DOUBLE_TWIST | PRONG | None | NONE | YELLOW_GOLD | YELLOW_GOLD | imgs:3
[22:06:52][CUSHION] [63] OK NIV-C9210E767D634A40 | DOUBLE_HALO | DOUBLE_TWIST | BEAD | None | NONE | YELLOW_GOLD | YELLOW_GOLD | imgs:3
[22:06:57][CUSHION] [64] OK NIV-AAE5FA8F9D2CE27D | DOUBLE_HALO | SINGLE | NONE | PLAIN | NONE | YELLOW_GOLD | YELLOW_GOLD | imgs:3
[22:07:01][CUSHION] [65] OK NIV-5944D8CCCA5E4653 | DOUBLE_HALO | SINGLE | U_PAVE | None | NONE | YELLOW_GOLD | YELLOW_GOLD | imgs:3
[22:07:06][CUSHION] [66] OK NIV-10FA1A3721CB432B | DOUBLE_HALO | SINGLE | CHANNEL | None | NONE | YELLOW_GOLD | YELLOW_GOLD | imgs:3
[22:07:10][CUSHION] [67] OK NIV-1006E743F166861F | DOUBLE_HALO | SINGLE | PRONG | None | NONE | YELLOW_GOLD | YELLOW_GOLD | imgs:3
[22:07:15][CUSHION] [68] OK NIV-BBEAA59ACE4463AF | DOUBLE_HALO | SINGLE | BEAD | None | NONE | YELLOW_GOLD | YELLOW_GOLD | imgs:3
[22:07:19][CUSHION] [69] OK NIV-BCC303F4757EBDF9 | DOUBLE_HALO | SINGLE | PAVE | None | NONE | YELLOW_GOLD | YELLOW_GOLD | imgs:3
[22:07:24][CUSHION] [70] OK NIV-CE5B6AE6CEA9767F | DOUBLE_HALO | SPLIT | NONE | PLAIN | NONE | YELLOW_GOLD | YELLOW_GOLD | imgs:3
[22:07:28][CUSHION] [71] OK NIV-83977385A807340A | DOUBLE_HALO | SPLIT | U_PAVE | None | NONE | YELLOW_GOLD | YELLOW_GOLD | imgs:3
[22:07:33][CUSHION] [72] OK NIV-0ED05EA6EA39FC47 | DOUBLE_HALO | SPLIT | PRONG | None | NONE | YELLOW_GOLD | YELLOW_GOLD | imgs:3
[22:07:37][CUSHION] [73] OK NIV-CAA713A157B70F15 | DOUBLE_HALO | SPLIT | BEAD | None | NONE | YELLOW_GOLD | YELLOW_GOLD | imgs:3
[22:07:43][CUSHION]   Re-seleccionando CUSHION (intento 1)
[22:07:48][CUSHION] [74] OK NIV-08013CFF2DD36CB1 | DOUBLE_HALO | SQUARE_EDGE | CHANNEL | None | NONE | YELLOW_GOLD | YELLOW_GOLD | imgs:3
[22:07:51][CUSHION] [75] OK NIV-12FCBFA6F0B4022C | DOUBLE_HALO | SQUARE_EDGE | PRONG | None | NONE | YELLOW_GOLD | YELLOW_GOLD | imgs:3
[22:07:55][CUSHION] [76] OK NIV-12B4880301AAC64F | DOUBLE_HALO | SQUARE_EDGE | BEAD | None | NONE | YELLOW_GOLD | YELLOW_GOLD | imgs:3
[22:08:00][CUSHION] [77] OK NIV-BDAE7AE947BFE237 | DOUBLE_HALO | SQUARE_EDGE | PAVE | None | NONE | YELLOW_GOLD | YELLOW_GOLD | imgs:3
[22:08:06][CUSHION] [78] OK NIV-0E27FE3351F4E6AA | DOUBLE_HALO | TAPERED | U_PAVE | None | NONE | YELLOW_GOLD | YELLOW_GOLD | imgs:3
[22:08:09][CUSHION] [79] OK NIV-944D8E2780DD1E50 | DOUBLE_HALO | TAPERED | CHANNEL | None | NONE | YELLOW_GOLD | YELLOW_GOLD | imgs:3
[22:08:15][CUSHION] [80] OK NIV-2DF780FCF4BCD611 | DOUBLE_HALO | TAPERED | PRONG | None | NONE | YELLOW_GOLD | YELLOW_GOLD | imgs:3
[22:08:18][CUSHION] [81] OK NIV-10F7EE1809FA9D8C | DOUBLE_HALO | TAPERED | BEAD | None | NONE | YELLOW_GOLD | YELLOW_GOLD | imgs:3
[22:08:22][CUSHION] [82] OK NIV-171250DB098DB210 | DOUBLE_HALO | TAPERED | PAVE | None | NONE | YELLOW_GOLD | YELLOW_GOLD | imgs:3
[22:08:23][CUSHION]   Configurando fijos: GOLD / KT_18 / LABGROWN_DIAMOND / 1ct
[22:08:25][CUSHION]   Fijos configurados OK
[22:08:30][CUSHION] [83] OK NIV-90F8E5D4A92F29C8 | FLOWER_HALO | CONTEMPORARY | U_PAVE | None | NONE | YELLOW_GOLD | YELLOW_GOLD | imgs:3
[22:08:35][CUSHION] [84] OK NIV-455E131242199DED | FLOWER_HALO | CONTEMPORARY | CHANNEL | None | NONE | YELLOW_GOLD | YELLOW_GOLD | imgs:3
[22:08:39][CUSHION] [85] OK NIV-DC3C8CE30160FCC4 | FLOWER_HALO | CONTEMPORARY | PRONG | None | NONE | YELLOW_GOLD | YELLOW_GOLD | imgs:3
[22:08:43][CUSHION] [86] OK NIV-6E36A26BD7B5DF2C | FLOWER_HALO | CONTEMPORARY | BEAD | None | NONE | YELLOW_GOLD | YELLOW_GOLD | imgs:3
[22:08:48][CUSHION] [87] OK NIV-B79266F67F9A28B2 | FLOWER_HALO | DOUBLE | NONE | PLAIN | NONE | YELLOW_GOLD | YELLOW_GOLD | imgs:3
[22:08:52][CUSHION] [88] OK NIV-692E49833C439107 | FLOWER_HALO | DOUBLE | U_PAVE | None | NONE | YELLOW_GOLD | YELLOW_GOLD | imgs:3
[22:08:57][CUSHION] [89] OK NIV-1DA22A5209C5AF16 | FLOWER_HALO | DOUBLE | CHANNEL | None | NONE | YELLOW_GOLD | YELLOW_GOLD | imgs:3
[22:09:01][CUSHION] [90] OK NIV-3AE0D9AB83C288C2 | FLOWER_HALO | DOUBLE | PRONG | None | NONE | YELLOW_GOLD | YELLOW_GOLD | imgs:3
[22:09:06][CUSHION] [91] OK NIV-CE4ABE8F3CDC98DA | FLOWER_HALO | DOUBLE | BEAD | None | NONE | YELLOW_GOLD | YELLOW_GOLD | imgs:3
[22:09:12][CUSHION] [92] OK NIV-FDE53C5CBF5E6490 | FLOWER_HALO | DOUBLE_TWIST | NONE | PLAIN | NONE | YELLOW_GOLD | YELLOW_GOLD | imgs:3
[22:09:15][CUSHION] [93] OK NIV-D3AD9BD4F5AE085F | FLOWER_HALO | DOUBLE_TWIST | U_PAVE | None | NONE | YELLOW_GOLD | YELLOW_GOLD | imgs:3
[22:09:21][CUSHION] [94] OK NIV-764A5B56ECE8D336 | FLOWER_HALO | DOUBLE_TWIST | CHANNEL | None | NONE | YELLOW_GOLD | YELLOW_GOLD | imgs:3
[22:09:25][CUSHION] [95] OK NIV-C1DA9C66391C7FE9 | FLOWER_HALO | DOUBLE_TWIST | PRONG | None | NONE | YELLOW_GOLD | YELLOW_GOLD | imgs:3
[22:09:30][CUSHION] [96] OK NIV-A8C86818B080D095 | FLOWER_HALO | DOUBLE_TWIST | BEAD | None | NONE | YELLOW_GOLD | YELLOW_GOLD | imgs:3
[22:09:36][CUSHION]   Re-seleccionando CUSHION (intento 1)
[22:09:39][CUSHION] [97] OK NIV-08013CFF2DD36CB1 | FLOWER_HALO | HIDDEN_HALO | CHANNEL | None | NONE | YELLOW_GOLD | YELLOW_GOLD | imgs:3
[22:09:45][CUSHION] [98] OK NIV-12FCBFA6F0B4022C | FLOWER_HALO | HIDDEN_HALO | PRONG | None | NONE | YELLOW_GOLD | YELLOW_GOLD | imgs:3
[22:09:48][CUSHION] [99] OK NIV-12B4880301AAC64F | FLOWER_HALO | HIDDEN_HALO | BEAD | None | NONE | YELLOW_GOLD | YELLOW_GOLD | imgs:3
[22:09:51][CUSHION] [100] OK NIV-BDAE7AE947BFE237 | FLOWER_HALO | HIDDEN_HALO | PAVE | None | NONE | YELLOW_GOLD | YELLOW_GOLD | imgs:3
[22:09:57][CUSHION] [101] OK NIV-77CA058E09AC987B | FLOWER_HALO | SINGLE | NONE | PLAIN | NONE | YELLOW_GOLD | YELLOW_GOLD | imgs:3
[22:10:00][CUSHION] [102] OK NIV-DCA7F9BA77F85A73 | FLOWER_HALO | SINGLE | U_PAVE | None | NONE | YELLOW_GOLD | YELLOW_GOLD | imgs:3
[22:10:03][CUSHION] [103] OK NIV-08013CFF2DD36CB1 | FLOWER_HALO | SINGLE | CHANNEL | None | NONE | YELLOW_GOLD | YELLOW_GOLD | imgs:3
[22:10:09][CUSHION] [104] OK NIV-12FCBFA6F0B4022C | FLOWER_HALO | SINGLE | PRONG | None | NONE | YELLOW_GOLD | YELLOW_GOLD | imgs:3
[22:10:12][CUSHION] [105] OK NIV-12B4880301AAC64F | FLOWER_HALO | SINGLE | BEAD | None | NONE | YELLOW_GOLD | YELLOW_GOLD | imgs:3
[22:10:16][CUSHION] [106] OK NIV-BDAE7AE947BFE237 | FLOWER_HALO | SINGLE | PAVE | None | NONE | YELLOW_GOLD | YELLOW_GOLD | imgs:3
[22:10:21][CUSHION] [107] OK NIV-96DB109C0D576672 | FLOWER_HALO | SPLIT | NONE | PLAIN | NONE | YELLOW_GOLD | YELLOW_GOLD | imgs:3
[22:10:24][CUSHION] [108] OK NIV-F88761E3E3286493 | FLOWER_HALO | SPLIT | U_PAVE | None | NONE | YELLOW_GOLD | YELLOW_GOLD | imgs:3
[22:10:28][CUSHION] [109] OK NIV-69089FFF1A789D40 | FLOWER_HALO | SPLIT | PRONG | None | NONE | YELLOW_GOLD | YELLOW_GOLD | imgs:3
[22:10:33][CUSHION] [110] OK NIV-8C4158CA3CCDC340 | FLOWER_HALO | SPLIT | BEAD | None | NONE | YELLOW_GOLD | YELLOW_GOLD | imgs:3
[22:10:40][CUSHION] [111] OK NIV-94D9976E3908B752 | FLOWER_HALO | SQUARE_EDGE | U_PAVE | None | NONE | YELLOW_GOLD | YELLOW_GOLD | imgs:3
[22:10:45][CUSHION] [112] OK NIV-0F5C186193EB0142 | FLOWER_HALO | SQUARE_EDGE | CHANNEL | None | NONE | YELLOW_GOLD | YELLOW_GOLD | imgs:3
[22:10:49][CUSHION] [113] OK NIV-B4742162115A61F8 | FLOWER_HALO | SQUARE_EDGE | PRONG | None | NONE | YELLOW_GOLD | YELLOW_GOLD | imgs:3
[22:10:54][CUSHION] [114] OK NIV-4BF4547E13EE2F54 | FLOWER_HALO | SQUARE_EDGE | BEAD | None | NONE | YELLOW_GOLD | YELLOW_GOLD | imgs:3
[22:10:58][CUSHION] [115] OK NIV-6462410A309E0CF6 | FLOWER_HALO | SQUARE_EDGE | PAVE | None | NONE | YELLOW_GOLD | YELLOW_GOLD | imgs:3
[22:11:06][CUSHION] [116] OK NIV-0E27FE3351F4E6AA | FLOWER_HALO | TAPERED | U_PAVE | None | NONE | YELLOW_GOLD | YELLOW_GOLD | imgs:3
[22:11:09][CUSHION] [117] OK NIV-944D8E2780DD1E50 | FLOWER_HALO | TAPERED | CHANNEL | None | NONE | YELLOW_GOLD | YELLOW_GOLD | imgs:3
[22:11:13][CUSHION] [118] OK NIV-2DF780FCF4BCD611 | FLOWER_HALO | TAPERED | PRONG | None | NONE | YELLOW_GOLD | YELLOW_GOLD | imgs:3
[22:11:18][CUSHION] [119] OK NIV-10F7EE1809FA9D8C | FLOWER_HALO | TAPERED | BEAD | None | NONE | YELLOW_GOLD | YELLOW_GOLD | imgs:3
[22:11:21][CUSHION] [120] OK NIV-171250DB098DB210 | FLOWER_HALO | TAPERED | PAVE | None | NONE | YELLOW_GOLD | YELLOW_GOLD | imgs:3
[22:11:22][CUSHION]   Configurando fijos: GOLD / KT_18 / LABGROWN_DIAMOND / 1ct
[22:11:24][CUSHION]   Fijos configurados OK
[22:11:28][CUSHION] [121] OK NIV-E2239A3DA5B65EC2 | FOUR_PRONGS | CONTEMPORARY | U_PAVE | None | NONE | YELLOW_GOLD | YELLOW_GOLD | imgs:3
[22:11:33][CUSHION] [122] OK NIV-835ED6DB726B0078 | FOUR_PRONGS | CONTEMPORARY | CHANNEL | None | NONE | YELLOW_GOLD | YELLOW_GOLD | imgs:3
[22:11:36][CUSHION] [123] OK NIV-E4D636D0352FE64D | FOUR_PRONGS | CONTEMPORARY | PRONG | None | NONE | YELLOW_GOLD | YELLOW_GOLD | imgs:3
[22:11:42][CUSHION] [124] OK NIV-F97FB419698384A7 | FOUR_PRONGS | CONTEMPORARY | BEAD | None | NONE | YELLOW_GOLD | YELLOW_GOLD | imgs:3
[22:11:48][CUSHION] [125] OK NIV-EF5BAF3736A18F99 | FOUR_PRONGS | DOUBLE | NONE | PLAIN | NONE | YELLOW_GOLD | YELLOW_GOLD | imgs:3
[22:11:51][CUSHION] [126] OK NIV-C4E0AC0CCAF9D1F9 | FOUR_PRONGS | DOUBLE | U_PAVE | None | NONE | YELLOW_GOLD | YELLOW_GOLD | imgs:3
[22:11:57][CUSHION] [127] OK NIV-B1D24B5678435A91 | FOUR_PRONGS | DOUBLE | CHANNEL | None | NONE | YELLOW_GOLD | YELLOW_GOLD | imgs:3
[22:12:07][CUSHION] [128] OK NIV-B1A4658932F05E03 | FOUR_PRONGS | DOUBLE | PRONG | None | NONE | YELLOW_GOLD | YELLOW_GOLD | imgs:3
[22:12:12][CUSHION] [129] OK NIV-90A71868F2060A0C | FOUR_PRONGS | DOUBLE | BEAD | None | NONE | YELLOW_GOLD | YELLOW_GOLD | imgs:3
[22:12:18][CUSHION] [130] OK NIV-10F71D7A0C8761A6 | FOUR_PRONGS | DOUBLE_TWIST | NONE | PLAIN | NONE | YELLOW_GOLD | YELLOW_GOLD | imgs:3
[22:12:22][CUSHION] [131] OK NIV-252DFDA4A9E2B9AF | FOUR_PRONGS | DOUBLE_TWIST | U_PAVE | None | NONE | YELLOW_GOLD | YELLOW_GOLD | imgs:3
[22:12:27][CUSHION] [132] OK NIV-E6C8BD154E43A74F | FOUR_PRONGS | DOUBLE_TWIST | CHANNEL | None | NONE | YELLOW_GOLD | YELLOW_GOLD | imgs:3
[22:12:31][CUSHION] [133] OK NIV-1AB44F9A006B9998 | FOUR_PRONGS | DOUBLE_TWIST | PRONG | None | NONE | YELLOW_GOLD | YELLOW_GOLD | imgs:3
[22:12:36][CUSHION] [134] OK NIV-1673AC7EE94440DD | FOUR_PRONGS | DOUBLE_TWIST | BEAD | None | NONE | YELLOW_GOLD | YELLOW_GOLD | imgs:3
[22:12:42][CUSHION]   Re-seleccionando CUSHION (intento 1)
[22:12:45][CUSHION] [135] OK NIV-08013CFF2DD36CB1 | FOUR_PRONGS | HIDDEN_HALO | CHANNEL | None | NONE | YELLOW_GOLD | YELLOW_GOLD | imgs:3
[22:12:51][CUSHION] [136] OK NIV-12FCBFA6F0B4022C | FOUR_PRONGS | HIDDEN_HALO | PRONG | None | NONE | YELLOW_GOLD | YELLOW_GOLD | imgs:3
[22:12:54][CUSHION] [137] OK NIV-12B4880301AAC64F | FOUR_PRONGS | HIDDEN_HALO | BEAD | None | NONE | YELLOW_GOLD | YELLOW_GOLD | imgs:3
[22:12:57][CUSHION] [138] OK NIV-BDAE7AE947BFE237 | FOUR_PRONGS | HIDDEN_HALO | PAVE | None | NONE | YELLOW_GOLD | YELLOW_GOLD | imgs:3
[22:13:03][CUSHION] [139] OK NIV-77CA058E09AC987B | FOUR_PRONGS | SINGLE | NONE | PLAIN | NONE | YELLOW_GOLD | YELLOW_GOLD | imgs:3
[22:13:06][CUSHION] [140] OK NIV-DCA7F9BA77F85A73 | FOUR_PRONGS | SINGLE | U_PAVE | None | NONE | YELLOW_GOLD | YELLOW_GOLD | imgs:3
[22:13:12][CUSHION] [141] OK NIV-08013CFF2DD36CB1 | FOUR_PRONGS | SINGLE | CHANNEL | None | NONE | YELLOW_GOLD | YELLOW_GOLD | imgs:3
[22:13:15][CUSHION] [142] OK NIV-12FCBFA6F0B4022C | FOUR_PRONGS | SINGLE | PRONG | None | NONE | YELLOW_GOLD | YELLOW_GOLD | imgs:3
[22:13:19][CUSHION] [143] OK NIV-12B4880301AAC64F | FOUR_PRONGS | SINGLE | BEAD | None | NONE | YELLOW_GOLD | YELLOW_GOLD | imgs:3
[22:13:24][CUSHION] [144] OK NIV-BDAE7AE947BFE237 | FOUR_PRONGS | SINGLE | PAVE | None | NONE | YELLOW_GOLD | YELLOW_GOLD | imgs:3
[22:13:30][CUSHION] [145] OK NIV-96DB109C0D576672 | FOUR_PRONGS | SPLIT | NONE | PLAIN | NONE | YELLOW_GOLD | YELLOW_GOLD | imgs:3
[22:13:33][CUSHION] [146] OK NIV-F88761E3E3286493 | FOUR_PRONGS | SPLIT | U_PAVE | None | NONE | YELLOW_GOLD | YELLOW_GOLD | imgs:3
[22:13:39][CUSHION] [147] OK NIV-69089FFF1A789D40 | FOUR_PRONGS | SPLIT | PRONG | None | NONE | YELLOW_GOLD | YELLOW_GOLD | imgs:3
[22:13:42][CUSHION] [148] OK NIV-8C4158CA3CCDC340 | FOUR_PRONGS | SPLIT | BEAD | None | NONE | YELLOW_GOLD | YELLOW_GOLD | imgs:3
[22:13:51][CUSHION] [149] OK NIV-94D9976E3908B752 | FOUR_PRONGS | SQUARE_EDGE | U_PAVE | None | NONE | YELLOW_GOLD | YELLOW_GOLD | imgs:3
[22:13:54][CUSHION] [150] OK NIV-0F5C186193EB0142 | FOUR_PRONGS | SQUARE_EDGE | CHANNEL | None | NONE | YELLOW_GOLD | YELLOW_GOLD | imgs:3
[22:13:58][CUSHION] [151] OK NIV-B4742162115A61F8 | FOUR_PRONGS | SQUARE_EDGE | PRONG | None | NONE | YELLOW_GOLD | YELLOW_GOLD | imgs:3
[22:14:03][CUSHION] [152] OK NIV-4BF4547E13EE2F54 | FOUR_PRONGS | SQUARE_EDGE | BEAD | None | NONE | YELLOW_GOLD | YELLOW_GOLD | imgs:3
[22:14:06][CUSHION] [153] OK NIV-6462410A309E0CF6 | FOUR_PRONGS | SQUARE_EDGE | PAVE | None | NONE | YELLOW_GOLD | YELLOW_GOLD | imgs:3
[22:14:13][CUSHION] [154] OK NIV-0E27FE3351F4E6AA | FOUR_PRONGS | TAPERED | U_PAVE | None | NONE | YELLOW_GOLD | YELLOW_GOLD | imgs:3
[22:14:18][CUSHION] [155] OK NIV-944D8E2780DD1E50 | FOUR_PRONGS | TAPERED | CHANNEL | None | NONE | YELLOW_GOLD | YELLOW_GOLD | imgs:3
[22:14:21][CUSHION] [156] OK NIV-2DF780FCF4BCD611 | FOUR_PRONGS | TAPERED | PRONG | None | NONE | YELLOW_GOLD | YELLOW_GOLD | imgs:3
[22:14:25][CUSHION] [157] OK NIV-10F7EE1809FA9D8C | FOUR_PRONGS | TAPERED | BEAD | None | NONE | YELLOW_GOLD | YELLOW_GOLD | imgs:3
[22:14:30][CUSHION] [158] OK NIV-171250DB098DB210 | FOUR_PRONGS | TAPERED | PAVE | None | NONE | YELLOW_GOLD | YELLOW_GOLD | imgs:3
[22:14:31][CUSHION]   Configurando fijos: GOLD / KT_18 / LABGROWN_DIAMOND / 1ct
[22:14:33][CUSHION]   Fijos configurados OK
[22:14:37][CUSHION] [159] OK NIV-49EC769FC5388A7F | PAVE | CONTEMPORARY | U_PAVE | None | NONE | YELLOW_GOLD | YELLOW_GOLD | imgs:3
[22:14:42][CUSHION] [160] OK NIV-1F41C17F3FC28FBA | PAVE | CONTEMPORARY | CHANNEL | None | NONE | YELLOW_GOLD | YELLOW_GOLD | imgs:3
[22:14:46][CUSHION] [161] OK NIV-A87C1A33B7037D11 | PAVE | CONTEMPORARY | PRONG | None | NONE | YELLOW_GOLD | YELLOW_GOLD | imgs:3
[22:14:51][CUSHION] [162] OK NIV-BFA7F86DA43CA2E0 | PAVE | CONTEMPORARY | BEAD | None | NONE | YELLOW_GOLD | YELLOW_GOLD | imgs:3
[22:14:57][CUSHION] [163] OK NIV-9FD25E34A528A9A8 | PAVE | DOUBLE | NONE | PLAIN | NONE | YELLOW_GOLD | YELLOW_GOLD | imgs:3
[22:15:01][CUSHION] [164] OK NIV-227F714B09206AF7 | PAVE | DOUBLE | U_PAVE | None | NONE | YELLOW_GOLD | YELLOW_GOLD | imgs:3
[22:15:06][CUSHION] [165] OK NIV-A2127E143FC8038C | PAVE | DOUBLE | CHANNEL | None | NONE | YELLOW_GOLD | YELLOW_GOLD | imgs:3
[22:15:09][CUSHION] [166] OK NIV-045334C8A3D6B031 | PAVE | DOUBLE | PRONG | None | NONE | YELLOW_GOLD | YELLOW_GOLD | imgs:3
[22:15:15][CUSHION] [167] OK NIV-2E3B93A646F94A3A | PAVE | DOUBLE | BEAD | None | NONE | YELLOW_GOLD | YELLOW_GOLD | imgs:3
[22:15:21][CUSHION] [168] OK NIV-C58E3E35FD8E97A9 | PAVE | DOUBLE_TWIST | NONE | PLAIN | NONE | YELLOW_GOLD | YELLOW_GOLD | imgs:3
[22:15:25][CUSHION] [169] OK NIV-875B06B811E4762C | PAVE | DOUBLE_TWIST | U_PAVE | None | NONE | YELLOW_GOLD | YELLOW_GOLD | imgs:3
[22:15:30][CUSHION] [170] OK NIV-0B244A77254094CF | PAVE | DOUBLE_TWIST | CHANNEL | None | NONE | YELLOW_GOLD | YELLOW_GOLD | imgs:3
[22:15:34][CUSHION] [171] OK NIV-A0E609663DA149D8 | PAVE | DOUBLE_TWIST | PRONG | None | NONE | YELLOW_GOLD | YELLOW_GOLD | imgs:3
[22:15:39][CUSHION] [172] OK NIV-FA8B199D38C8436D | PAVE | DOUBLE_TWIST | BEAD | None | NONE | YELLOW_GOLD | YELLOW_GOLD | imgs:3
[22:15:45][CUSHION]   Re-seleccionando CUSHION (intento 1)
[22:15:48][CUSHION] [173] OK NIV-08013CFF2DD36CB1 | PAVE | HIDDEN_HALO | CHANNEL | None | NONE | YELLOW_GOLD | YELLOW_GOLD | imgs:3
[22:15:54][CUSHION] [174] OK NIV-12FCBFA6F0B4022C | PAVE | HIDDEN_HALO | PRONG | None | NONE | YELLOW_GOLD | YELLOW_GOLD | imgs:3
[22:15:57][CUSHION] [175] OK NIV-12B4880301AAC64F | PAVE | HIDDEN_HALO | BEAD | None | NONE | YELLOW_GOLD | YELLOW_GOLD | imgs:3
[22:16:01][CUSHION] [176] OK NIV-BDAE7AE947BFE237 | PAVE | HIDDEN_HALO | PAVE | None | NONE | YELLOW_GOLD | YELLOW_GOLD | imgs:3
[22:16:06][CUSHION] [177] OK NIV-77CA058E09AC987B | PAVE | SINGLE | NONE | PLAIN | NONE | YELLOW_GOLD | YELLOW_GOLD | imgs:3
[22:16:09][CUSHION] [178] OK NIV-DCA7F9BA77F85A73 | PAVE | SINGLE | U_PAVE | None | NONE | YELLOW_GOLD | YELLOW_GOLD | imgs:3
[22:16:12][CUSHION] [179] OK NIV-08013CFF2DD36CB1 | PAVE | SINGLE | CHANNEL | None | NONE | YELLOW_GOLD | YELLOW_GOLD | imgs:3
[22:16:18][CUSHION] [180] OK NIV-12FCBFA6F0B4022C | PAVE | SINGLE | PRONG | None | NONE | YELLOW_GOLD | YELLOW_GOLD | imgs:3
[22:16:21][CUSHION] [181] OK NIV-12B4880301AAC64F | PAVE | SINGLE | BEAD | None | NONE | YELLOW_GOLD | YELLOW_GOLD | imgs:3
[22:16:27][CUSHION] [182] OK NIV-BDAE7AE947BFE237 | PAVE | SINGLE | PAVE | None | NONE | YELLOW_GOLD | YELLOW_GOLD | imgs:3
[22:16:33][CUSHION] [183] OK NIV-96DB109C0D576672 | PAVE | SPLIT | NONE | PLAIN | NONE | YELLOW_GOLD | YELLOW_GOLD | imgs:3
[22:16:36][CUSHION] [184] OK NIV-F88761E3E3286493 | PAVE | SPLIT | U_PAVE | None | NONE | YELLOW_GOLD | YELLOW_GOLD | imgs:3
[22:16:40][CUSHION] [185] OK NIV-69089FFF1A789D40 | PAVE | SPLIT | PRONG | None | NONE | YELLOW_GOLD | YELLOW_GOLD | imgs:3
[22:16:45][CUSHION] [186] OK NIV-8C4158CA3CCDC340 | PAVE | SPLIT | BEAD | None | NONE | YELLOW_GOLD | YELLOW_GOLD | imgs:3
[22:16:51][CUSHION] [187] OK NIV-94D9976E3908B752 | PAVE | SQUARE_EDGE | U_PAVE | None | NONE | YELLOW_GOLD | YELLOW_GOLD | imgs:3
[22:16:54][CUSHION] [188] OK NIV-B6C80A297B4C4603 | PAVE | SQUARE_EDGE | U_PAVE | None | NONE | WHITE_GOLD | WHITE_GOLD | imgs:3
[22:16:57][CUSHION] [189] OK NIV-01DD09FBD8189F61 | PAVE | SQUARE_EDGE | U_PAVE | None | NONE | ROSE_GOLD | ROSE_GOLD | imgs:3
[22:17:00][CUSHION] [190] OK NIV-0F5C186193EB0142 | PAVE | SQUARE_EDGE | CHANNEL | None | NONE | YELLOW_GOLD | YELLOW_GOLD | imgs:3
[22:17:03][CUSHION] [191] OK NIV-B4742162115A61F8 | PAVE | SQUARE_EDGE | PRONG | None | NONE | YELLOW_GOLD | YELLOW_GOLD | imgs:3
[22:17:07][CUSHION] [192] OK NIV-4BF4547E13EE2F54 | PAVE | SQUARE_EDGE | BEAD | None | NONE | YELLOW_GOLD | YELLOW_GOLD | imgs:3
[22:17:12][CUSHION] [193] OK NIV-6462410A309E0CF6 | PAVE | SQUARE_EDGE | PAVE | None | NONE | YELLOW_GOLD | YELLOW_GOLD | imgs:3
[22:17:18][CUSHION] [194] OK NIV-0E27FE3351F4E6AA | PAVE | TAPERED | U_PAVE | None | NONE | YELLOW_GOLD | YELLOW_GOLD | imgs:3
[22:17:22][CUSHION] [195] OK NIV-944D8E2780DD1E50 | PAVE | TAPERED | CHANNEL | None | NONE | YELLOW_GOLD | YELLOW_GOLD | imgs:3
[22:17:27][CUSHION] [196] OK NIV-2DF780FCF4BCD611 | PAVE | TAPERED | PRONG | None | NONE | YELLOW_GOLD | YELLOW_GOLD | imgs:3
[22:17:30][CUSHION] [197] OK NIV-10F7EE1809FA9D8C | PAVE | TAPERED | BEAD | None | NONE | YELLOW_GOLD | YELLOW_GOLD | imgs:3
[22:17:34][CUSHION] [198] OK NIV-171250DB098DB210 | PAVE | TAPERED | PAVE | None | NONE | YELLOW_GOLD | YELLOW_GOLD | imgs:3
[22:17:35][CUSHION]   Configurando fijos: GOLD / KT_18 / LABGROWN_DIAMOND / 1ct
[22:17:37][CUSHION]   Fijos configurados OK
[22:17:42][CUSHION] [199] OK NIV-A49FFAF721B55AEB | PEG_HEAD | CONTEMPORARY | U_PAVE | None | NONE | YELLOW_GOLD | YELLOW_GOLD | imgs:3
[22:17:46][CUSHION] [200] OK NIV-95B64C3D0EF51D0B | PEG_HEAD | CONTEMPORARY | CHANNEL | None | NONE | YELLOW_GOLD | YELLOW_GOLD | imgs:3
[22:17:51][CUSHION] [201] OK NIV-40C5410695B006C8 | PEG_HEAD | CONTEMPORARY | PRONG | None | NONE | YELLOW_GOLD | YELLOW_GOLD | imgs:3
[22:17:55][CUSHION] [202] OK NIV-B922C3A781182828 | PEG_HEAD | CONTEMPORARY | BEAD | None | NONE | YELLOW_GOLD | YELLOW_GOLD | imgs:3
[22:18:00][CUSHION] [203] OK NIV-E197A94ACAA0496C | PEG_HEAD | DOUBLE | NONE | PLAIN | NONE | YELLOW_GOLD | YELLOW_GOLD | imgs:3
[22:18:03][CUSHION] [204] OK NIV-5D928B1A9D754424 | PEG_HEAD | DOUBLE | U_PAVE | None | NONE | YELLOW_GOLD | YELLOW_GOLD | imgs:3
[22:18:07][CUSHION] [205] OK NIV-0C56C5DD001080DB | PEG_HEAD | DOUBLE | CHANNEL | None | NONE | YELLOW_GOLD | YELLOW_GOLD | imgs:3
[22:18:12][CUSHION] [206] OK NIV-9F984A6CFBFF6B79 | PEG_HEAD | DOUBLE | PRONG | None | NONE | YELLOW_GOLD | YELLOW_GOLD | imgs:3
[22:18:16][CUSHION] [207] OK NIV-2E46E65466DCF498 | PEG_HEAD | DOUBLE | BEAD | None | NONE | YELLOW_GOLD | YELLOW_GOLD | imgs:3
[22:18:21][CUSHION] [208] OK NIV-39D747F65BB0F1C7 | PEG_HEAD | DOUBLE_TWIST | NONE | PLAIN | NONE | YELLOW_GOLD | YELLOW_GOLD | imgs:3
[22:18:25][CUSHION] [209] OK NIV-78D335D77195326F | PEG_HEAD | DOUBLE_TWIST | U_PAVE | None | NONE | YELLOW_GOLD | YELLOW_GOLD | imgs:3
[22:18:30][CUSHION] [210] OK NIV-5AB9F53431E0F31F | PEG_HEAD | DOUBLE_TWIST | CHANNEL | None | NONE | YELLOW_GOLD | YELLOW_GOLD | imgs:3
[22:18:34][CUSHION] [211] OK NIV-0E68E087921CDA25 | PEG_HEAD | DOUBLE_TWIST | PRONG | None | NONE | YELLOW_GOLD | YELLOW_GOLD | imgs:3
[22:18:39][CUSHION] [212] OK NIV-D8940A35F444E8C9 | PEG_HEAD | DOUBLE_TWIST | BEAD | None | NONE | YELLOW_GOLD | YELLOW_GOLD | imgs:3
[22:18:45][CUSHION] [213] OK NIV-4579BEF5AF6B8340 | PEG_HEAD | SINGLE | NONE | PLAIN | NONE | YELLOW_GOLD | YELLOW_GOLD | imgs:3
[22:18:49][CUSHION] [214] OK NIV-F143F4B64B74AC77 | PEG_HEAD | SINGLE | U_PAVE | None | NONE | YELLOW_GOLD | YELLOW_GOLD | imgs:3
[22:18:54][CUSHION] [215] OK NIV-D9CEB995E7E8F5A0 | PEG_HEAD | SINGLE | CHANNEL | None | NONE | YELLOW_GOLD | YELLOW_GOLD | imgs:3
[22:18:58][CUSHION] [216] OK NIV-0499121E89436928 | PEG_HEAD | SINGLE | PRONG | None | NONE | YELLOW_GOLD | YELLOW_GOLD | imgs:3
[22:19:03][CUSHION] [217] OK NIV-B530473BC1AD7710 | PEG_HEAD | SINGLE | BEAD | None | NONE | YELLOW_GOLD | YELLOW_GOLD | imgs:3
[22:19:07][CUSHION] [218] OK NIV-431A47E97C12F8C9 | PEG_HEAD | SINGLE | PAVE | None | NONE | YELLOW_GOLD | YELLOW_GOLD | imgs:3
[22:19:12][CUSHION] [219] OK NIV-66BB8EEE2928B9AB | PEG_HEAD | SPLIT | NONE | PLAIN | NONE | YELLOW_GOLD | YELLOW_GOLD | imgs:3
[22:19:16][CUSHION] [220] OK NIV-9ACF1287FAF89736 | PEG_HEAD | SPLIT | U_PAVE | None | NONE | YELLOW_GOLD | YELLOW_GOLD | imgs:3
[22:19:21][CUSHION] [221] OK NIV-2CAD9F3A41AF4CC9 | PEG_HEAD | SPLIT | PRONG | None | NONE | YELLOW_GOLD | YELLOW_GOLD | imgs:3
[22:19:24][CUSHION] [222] OK NIV-B37B2C87359E400A | PEG_HEAD | SPLIT | BEAD | None | NONE | YELLOW_GOLD | YELLOW_GOLD | imgs:3
[22:19:31][CUSHION]   Re-seleccionando CUSHION (intento 1)
[22:19:36][CUSHION] [223] OK NIV-08013CFF2DD36CB1 | PEG_HEAD | SQUARE_EDGE | CHANNEL | None | NONE | YELLOW_GOLD | YELLOW_GOLD | imgs:3
[22:19:39][CUSHION] [224] OK NIV-12FCBFA6F0B4022C | PEG_HEAD | SQUARE_EDGE | PRONG | None | NONE | YELLOW_GOLD | YELLOW_GOLD | imgs:3
[22:19:42][CUSHION] [225] OK NIV-12B4880301AAC64F | PEG_HEAD | SQUARE_EDGE | BEAD | None | NONE | YELLOW_GOLD | YELLOW_GOLD | imgs:3
[22:19:46][CUSHION] [226] OK NIV-64ECACAA958EDECB | PEG_HEAD | SQUARE_EDGE | BEAD | None | NONE | ROSE_GOLD | ROSE_GOLD | imgs:3
[22:19:48][CUSHION] [227] OK NIV-BDAE7AE947BFE237 | PEG_HEAD | SQUARE_EDGE | PAVE | None | NONE | YELLOW_GOLD | YELLOW_GOLD | imgs:3
[22:19:57][CUSHION] [228] OK NIV-0E27FE3351F4E6AA | PEG_HEAD | TAPERED | U_PAVE | None | NONE | YELLOW_GOLD | YELLOW_GOLD | imgs:3
[22:20:00][CUSHION] [229] OK NIV-944D8E2780DD1E50 | PEG_HEAD | TAPERED | CHANNEL | None | NONE | YELLOW_GOLD | YELLOW_GOLD | imgs:3
[22:20:04][CUSHION] [230] OK NIV-2DF780FCF4BCD611 | PEG_HEAD | TAPERED | PRONG | None | NONE | YELLOW_GOLD | YELLOW_GOLD | imgs:3
[22:20:09][CUSHION] [231] OK NIV-10F7EE1809FA9D8C | PEG_HEAD | TAPERED | BEAD | None | NONE | YELLOW_GOLD | YELLOW_GOLD | imgs:3
[22:20:12][CUSHION] [232] OK NIV-171250DB098DB210 | PEG_HEAD | TAPERED | PAVE | None | NONE | YELLOW_GOLD | YELLOW_GOLD | imgs:3
[22:20:13][CUSHION]   Configurando fijos: GOLD / KT_18 / LABGROWN_DIAMOND / 1ct
[22:20:15][CUSHION]   Fijos configurados OK
[22:20:21][CUSHION] [233] OK NIV-31AA35F523274BF5 | SINGLE_HALO | CONTEMPORARY | U_PAVE | None | NONE | YELLOW_GOLD | YELLOW_GOLD | imgs:3
[22:20:26][CUSHION] [234] OK NIV-D615EF6080C5212C | SINGLE_HALO | CONTEMPORARY | CHANNEL | None | NONE | YELLOW_GOLD | YELLOW_GOLD | imgs:3
[22:20:30][CUSHION] [235] OK NIV-82B47C5ABB7E7598 | SINGLE_HALO | CONTEMPORARY | PRONG | None | NONE | YELLOW_GOLD | YELLOW_GOLD | imgs:3
[22:20:34][CUSHION] [236] OK NIV-4D36CD129425840E | SINGLE_HALO | CONTEMPORARY | BEAD | None | NONE | YELLOW_GOLD | YELLOW_GOLD | imgs:3
[22:20:39][CUSHION] [237] OK NIV-2EE239CF1AD23FC6 | SINGLE_HALO | DOUBLE | NONE | PLAIN | NONE | YELLOW_GOLD | YELLOW_GOLD | imgs:3
[22:20:42][CUSHION] [238] OK NIV-26C57BEFAE3BF6A5 | SINGLE_HALO | DOUBLE | U_PAVE | None | NONE | YELLOW_GOLD | YELLOW_GOLD | imgs:3
[22:20:48][CUSHION] [239] OK NIV-04A76B5DF2F33EE7 | SINGLE_HALO | DOUBLE | CHANNEL | None | NONE | YELLOW_GOLD | YELLOW_GOLD | imgs:3
[22:20:51][CUSHION] [240] OK NIV-AC2D9A108689AE0F | SINGLE_HALO | DOUBLE | PRONG | None | NONE | YELLOW_GOLD | YELLOW_GOLD | imgs:3
[22:20:57][CUSHION] [241] OK NIV-62BED03EE754C548 | SINGLE_HALO | DOUBLE | BEAD | None | NONE | YELLOW_GOLD | YELLOW_GOLD | imgs:3
[22:21:00][CUSHION]   WARN head_color=ROSE_GOLD no clickeable
[22:21:04][CUSHION] [242] OK NIV-4811A180C2CB7A30 | SINGLE_HALO | DOUBLE_TWIST | NONE | PLAIN | NONE | YELLOW_GOLD | YELLOW_GOLD | imgs:3
[22:21:09][CUSHION] [243] OK NIV-6276D94332EE5073 | SINGLE_HALO | DOUBLE_TWIST | U_PAVE | None | NONE | YELLOW_GOLD | YELLOW_GOLD | imgs:3
[22:21:12][CUSHION] [244] OK NIV-EE6CF394926A9882 | SINGLE_HALO | DOUBLE_TWIST | CHANNEL | None | NONE | YELLOW_GOLD | YELLOW_GOLD | imgs:3
[22:21:16][CUSHION] [245] OK NIV-06914A46489F7103 | SINGLE_HALO | DOUBLE_TWIST | PRONG | None | NONE | YELLOW_GOLD | YELLOW_GOLD | imgs:3
[22:21:21][CUSHION] [246] OK NIV-97A9D74ABE2C6BEC | SINGLE_HALO | DOUBLE_TWIST | BEAD | None | NONE | YELLOW_GOLD | YELLOW_GOLD | imgs:3
[22:21:27][CUSHION]   Re-seleccionando CUSHION (intento 1)
[22:21:30][CUSHION] [247] OK NIV-08013CFF2DD36CB1 | SINGLE_HALO | HIDDEN_HALO | CHANNEL | None | NONE | YELLOW_GOLD | YELLOW_GOLD | imgs:3
[22:21:36][CUSHION] [248] OK NIV-12FCBFA6F0B4022C | SINGLE_HALO | HIDDEN_HALO | PRONG | None | NONE | YELLOW_GOLD | YELLOW_GOLD | imgs:3
[22:21:39][CUSHION] [249] OK NIV-12B4880301AAC64F | SINGLE_HALO | HIDDEN_HALO | BEAD | None | NONE | YELLOW_GOLD | YELLOW_GOLD | imgs:3
[22:21:43][CUSHION] [250] OK NIV-BDAE7AE947BFE237 | SINGLE_HALO | HIDDEN_HALO | PAVE | None | NONE | YELLOW_GOLD | YELLOW_GOLD | imgs:3
[22:21:48][CUSHION] [251] OK NIV-77CA058E09AC987B | SINGLE_HALO | SINGLE | NONE | PLAIN | NONE | YELLOW_GOLD | YELLOW_GOLD | imgs:3
[22:21:51][CUSHION] [252] OK NIV-DCA7F9BA77F85A73 | SINGLE_HALO | SINGLE | U_PAVE | None | NONE | YELLOW_GOLD | YELLOW_GOLD | imgs:3
[22:21:55][CUSHION] [253] OK NIV-08013CFF2DD36CB1 | SINGLE_HALO | SINGLE | CHANNEL | None | NONE | YELLOW_GOLD | YELLOW_GOLD | imgs:3
[22:22:00][CUSHION] [254] OK NIV-12FCBFA6F0B4022C | SINGLE_HALO | SINGLE | PRONG | None | NONE | YELLOW_GOLD | YELLOW_GOLD | imgs:3
[22:22:03][CUSHION] [255] OK NIV-12B4880301AAC64F | SINGLE_HALO | SINGLE | BEAD | None | NONE | YELLOW_GOLD | YELLOW_GOLD | imgs:3
[22:22:09][CUSHION] [256] OK NIV-BDAE7AE947BFE237 | SINGLE_HALO | SINGLE | PAVE | None | NONE | YELLOW_GOLD | YELLOW_GOLD | imgs:3
[22:22:15][CUSHION] [257] OK NIV-96DB109C0D576672 | SINGLE_HALO | SPLIT | NONE | PLAIN | NONE | YELLOW_GOLD | YELLOW_GOLD | imgs:3
[22:22:18][CUSHION] [258] OK NIV-F88761E3E3286493 | SINGLE_HALO | SPLIT | U_PAVE | None | NONE | YELLOW_GOLD | YELLOW_GOLD | imgs:3
[22:22:21][CUSHION] [259] OK NIV-69089FFF1A789D40 | SINGLE_HALO | SPLIT | PRONG | None | NONE | YELLOW_GOLD | YELLOW_GOLD | imgs:3
[22:22:27][CUSHION] [260] OK NIV-8C4158CA3CCDC340 | SINGLE_HALO | SPLIT | BEAD | None | NONE | YELLOW_GOLD | YELLOW_GOLD | imgs:3
[22:22:33][CUSHION] [261] OK NIV-94D9976E3908B752 | SINGLE_HALO | SQUARE_EDGE | U_PAVE | None | NONE | YELLOW_GOLD | YELLOW_GOLD | imgs:3
[22:22:39][CUSHION] [262] OK NIV-0F5C186193EB0142 | SINGLE_HALO | SQUARE_EDGE | CHANNEL | None | NONE | YELLOW_GOLD | YELLOW_GOLD | imgs:3
[22:22:42][CUSHION] [263] OK NIV-B4742162115A61F8 | SINGLE_HALO | SQUARE_EDGE | PRONG | None | NONE | YELLOW_GOLD | YELLOW_GOLD | imgs:3
[22:22:48][CUSHION] [264] OK NIV-4BF4547E13EE2F54 | SINGLE_HALO | SQUARE_EDGE | BEAD | None | NONE | YELLOW_GOLD | YELLOW_GOLD | imgs:3
[22:22:51][CUSHION] [265] OK NIV-6462410A309E0CF6 | SINGLE_HALO | SQUARE_EDGE | PAVE | None | NONE | YELLOW_GOLD | YELLOW_GOLD | imgs:3
[22:23:00][CUSHION] [266] OK NIV-0E27FE3351F4E6AA | SINGLE_HALO | TAPERED | U_PAVE | None | NONE | YELLOW_GOLD | YELLOW_GOLD | imgs:3
[22:23:03][CUSHION] [267] OK NIV-944D8E2780DD1E50 | SINGLE_HALO | TAPERED | CHANNEL | None | NONE | YELLOW_GOLD | YELLOW_GOLD | imgs:3
[22:23:09][CUSHION] [268] OK NIV-2DF780FCF4BCD611 | SINGLE_HALO | TAPERED | PRONG | None | NONE | YELLOW_GOLD | YELLOW_GOLD | imgs:3
[22:23:12][CUSHION] [269] OK NIV-10F7EE1809FA9D8C | SINGLE_HALO | TAPERED | BEAD | None | NONE | YELLOW_GOLD | YELLOW_GOLD | imgs:3
[22:23:15][CUSHION] [270] OK NIV-171250DB098DB210 | SINGLE_HALO | TAPERED | PAVE | None | NONE | YELLOW_GOLD | YELLOW_GOLD | imgs:3
[22:23:17][CUSHION] COMPLETO ? 10823 resultados guardados en /home/juan/Documentos/Proyectos/Universal_Gold/scraper_v4/results/results_CUSHION.json
